******************************************************************************
              TMS320C55x Linker PC v4.4.1                      
******************************************************************************
>> Linked Thu Mar 15 10:30:44 2018

OUTPUT FILE NAME:   <FilterBank.out>
ENTRY POINT SYMBOL: "_c_int00"  address: 00027ab7


MEMORY CONFIGURATION

         name            origin    length      used     unused   attr    fill
                        (bytes)   (bytes)    (bytes)   (bytes)
----------------------  --------  ---------  --------  --------  ----  --------
PAGE 0:
  MMR                   00000000   000000c0  00000000  000000c0  RWIX
  DARAM0                000000c0   0000ff40  00006a76  000094ca  RWIX
  SARAM0                00010000   00010000  00000000  00010000  RWIX
  SARAM1                00020000   00020000  00007bd9  00018427  RWIX
  SARAM2                00040000   0000fe00  000003b8  0000fa48  RWIX
  VECS                  0004fe00   00000200  00000200  00000000  RWIX
  PDROM                 00ff8000   00008000  00000000  00008000  R IX

PAGE 2:
  IOPORT                00000000   00020000  00000000  00020000  RWI 


SECTION ALLOCATION MAP
(Addresses surrounded by []'s are displayed for convenience only!)

output                                                          attributes/
section   page  orgn(bytes) orgn(words) len(bytes) len(words)   input sections
--------  ----  ----------- ----------- ---------- ----------   --------------
.pinit       0   [ 00040000 ]  00020000          *   00000000   UNINITIALIZED

.stack       0   [ 000000c0 ]  00000060          *   00001000   UNINITIALIZED
                 [ 000000c0 ]  00000060          *   00001000   --HOLE--

.data        0   [ 000000c0 ]  00000060          *   00000000   UNINITIALIZED

.sysstack 
*            0   [ 000020c0 ]  00001060          *   00000800   UNINITIALIZED
                 [ 000020c0 ]  00001060          *   00000800   --HOLE--

.sysmem      0   [ 000030c0 ]  00001860          *   00001000   UNINITIALIZED
                 [ 000030c0 ]  00001860          *   00001000   --HOLE--

.bss         0   [ 000050c0 ]  00002860          *   00000a78   UNINITIALIZED
                 [ 000050c0 ]  00002860          *   00000408   ezdsp5535_aic3204_dma.obj (.bss)
                 [ 000058d0 ]  00002c68          *   00000300   main.obj (.bss)
                 [ 00005ed0 ]  00002f68          *   00000119   rts55x.lib : defs.obj (.bss)
                 [ 00006102 ]  00003081          *   000000d0              : trgdrv.obj (.bss)
                 [ 000062a2 ]  00003151          *   00000001              : fopen.obj (.bss)
                 [ 000062a4 ]  00003152          *   00000084   cslVC5505.lib : csl_intc.obj (.bss)
                 [ 000063ac ]  000031d6          *   00000071   rts55x.lib : lowlev.obj (.bss)
                 [ 0000648e ]  00003247          *   0000002a   cslVC5505.lib : csl_i2s.obj (.bss)
                 [ 000064e2 ]  00003271          *   00000026   filter_coeff.obj (.bss)
                 [ 0000652e ]  00003297          *   00000015   processing.obj (.bss)
                 [ 00006558 ]  000032ac          *   00000012   cslVC5505.lib : csl_i2c.obj (.bss)
                 [ 0000657c ]  000032be          *   00000008   ezdsp5535bsl.lib : ezdsp5535_sar.obj (.bss)
                 [ 0000658c ]  000032c6          *   00000006   rts55x.lib : memory.obj (.bss)
                 [ 00006598 ]  000032cc          *   00000004              : _lock.obj (.bss)
                 [ 000065a0 ]  000032d0          *   00000004              : exit.obj (.bss)
                 [ 000065a8 ]  000032d4          *   00000002   aic3204.obj (.bss)
                 [ 000065ac ]  000032d6          *   00000002   ezdsp5535bsl.lib : ezdsp5535_i2s.obj (.bss)

.const.1     0   [ 000065b0 ]  000032d8          *   00000275   
                 [ 000065b0 ]  000032d8          *   00000174   aic3204_init.obj (.const:.string)
                 [ 00006898 ]  0000344c          *   00000101   rts55x.lib : ctype.obj (.const:__ctypes_)

.const.2     0   [ 00006a9c ]  0000354e          *   0000004e   
                 [ 00006a9c ]  0000354e          *   00000024   rts55x.lib : _printfi.obj (.const:.string)
                 [ 00006ae4 ]  00003572          *   00000012   main.obj (.const:.string)
                 [ 00006b08 ]  00003584          *   0000000c   rts55x.lib : _printfi.obj (.const)
                 [ 00006b20 ]  00003590          *   00000008              : divd.obj (.const:_initial_approx$1)
                 [ 00006b30 ]  00003598          *   00000002              : fputs.obj (.const:.string)
                 [ 00006b34 ]  0000359a          *   00000002              : fltlid.obj (.const)

.text        0     00020000  [ 00010000 ] 00007bd9          *   
                   00020000  [ 00010000 ] 000015a4          *   rts55x.lib : _printfi.obj (.text)
                   000215a4  [ 00010ad2 ] 00000c3c          *   cslVC5505.lib : csl_i2c.obj (.text)
                   000221e0  [ 000110f0 ] 00000b18          *                 : csl_sar.obj (.text)
                   00022cf8  [ 0001167c ] 000009f3          *                 : csl_i2s.obj (.text)
                   000236eb  [ 00011b75+] 000005b5          *   aic3204_init.obj (.text)
                   00023ca0  [ 00011e50 ] 00000554          *   cslVC5505.lib : csl_intc.obj (.text)
                   000241f4  [ 000120fa ] 00000543          *   rts55x.lib : lowlev.obj (.text)
                   00024737  [ 0001239b+] 00000528          *              : trgdrv.obj (.text)
                   00024c5f  [ 0001262f+] 000004b5          *              : memory.obj (.text)
                   00025114  [ 0001288a ] 000003cc          *              : divd.obj (.text)
                   000254e0  [ 00012a70 ] 0000031b          *   ezdsp5535_aic3204_dma.obj (.text)
                   000257fb  [ 00012bfd+] 00000292          *   main.obj (.text)
                   00025a8d  [ 00012d46+] 0000027f          *   rts55x.lib : fopen.obj (.text)
                   00025d0c  [ 00012e86 ] 0000025e          *              : llmpy.obj (.text)
                   00025f6a  [ 00012fb5 ] 0000025a          *              : addd.obj (.text)
                   000261c4  [ 000130e2 ] 00000258          *   processing.obj (.text)
                   0002641c  [ 0001320e ] 000001ea          *   rts55x.lib : cmpd.obj (.text)
                   00026606  [ 00013303 ] 0000017a          *   ezdsp5535bsl.lib : ezdsp5535_sar.obj (.text)
                   00026780  [ 000133c0 ] 00000163          *   rts55x.lib : fputs.obj (.text)
                   000268e3  [ 00013471+] 0000014c          *              : mpyd.obj (.text)
                   00026a2f  [ 00013517+] 00000107          *   ezdsp5535bsl.lib : ezdsp5535_i2s.obj (.text)
                   00026b36  [ 0001359b ] 00000100          *   fir.obj (.text)
                   00026c36  [ 0001361b ] 000000e6          *   rts55x.lib : setvbuf.obj (.text)
                   00026d1c  [ 0001368e ] 000000dd          *              : _io_perm.obj (.text)
                   00026df9  [ 000136fc+] 000000cc          *   ezdsp5535_aic3204_dma.obj (.text:retain)
                   00026ec5  [ 00013762+] 000000c3          *   aic3204.obj (.text)
                   00026f88  [ 000137c4 ] 000000c2          *   rts55x.lib : fflush.obj (.text)
                   0002704a  [ 00013825 ] 000000ba          *              : trgmsg.obj (.text:CIO_breakpoint)
                   00027104  [ 00013882 ] 000000a6          *              : fputc.obj (.text)
                   000271aa  [ 000138d5 ] 000000a1          *              : divul.obj (.text)
                   0002724b  [ 00013925+] 0000008e          *   ezdsp5535bsl.lib : ezdsp5535_i2c.obj (.text)
                   000272d9  [ 0001396c+] 0000008c          *   cslVC5505.lib : csl_irqplug.obj (.text)
                   00027365  [ 000139b2+] 0000007d          *   rts55x.lib : ltoa.obj (.text)
                   000273e2  [ 000139f1 ] 0000007b          *              : fclose.obj (.text)
                   0002745d  [ 00013a2e+] 00000076          *              : frcmpyd.obj (.text)
                   000274d3  [ 00013a69+] 00000073          *              : frcmpyd_div.obj (.text)
                   00027546  [ 00013aa3 ] 00000072          *              : remul.obj (.text)
                   000275b8  [ 00013adc ] 0000006f          *              : fixdli.obj (.text)
                   00027627  [ 00013b13+] 0000006d          *   cslVC5505.lib : vectors.obj (.text)
                   00027694  [ 00013b4a ] 0000006d          *   rts55x.lib : trgmsg.obj (.text)
                   00027701  [ 00013b80+] 0000006b          *              : fseek.obj (.text)
                   0002776c  [ 00013bb6 ] 00000067          *              : fltlid.obj (.text)
                   000277d3  [ 00013be9+] 0000005c          *              : atoi.obj (.text)
                   0002782f  [ 00013c17+] 00000054          *   ezdsp5535bsl.lib : ezdsp5535.obj (.text)
                   00027883  [ 00013c41+] 00000050          *   rts55x.lib : printf.obj (.text)
                   000278d3  [ 00013c69+] 0000004d          *              : autoinit.obj (.text)
                   00027920  [ 00013c90 ] 0000004b          *              : args_main.obj (.text)
                   0002796b  [ 00013cb5+] 0000004b          *              : remli.obj (.text)
                   000279b6  [ 00013cdb ] 00000048          *              : divli.obj (.text)
                   000279fe  [ 00013cff ] 0000003f          *              : memcpy.obj (.text)
                   00027a3d  [ 00013d1e+] 0000003e          *              : exit.obj (.text)
                   00027a7b  [ 00013d3d+] 0000003c          *              : idiv.obj (.text)
                   00027ab7  [ 00013d5b+] 00000034          *              : boot.obj (.text)
                   00027aeb  [ 00013d75+] 0000002a          *              : fixdi.obj (.text)
                   00027b15  [ 00013d8a+] 0000002a          *              : udiv.obj (.text)
                   00027b3f  [ 00013d9f+] 00000023          *              : memccpy.obj (.text)
                   00027b62  [ 00013db1 ] 0000001a          *              : isinf.obj (.text)
                   00027b7c  [ 00013dbe ] 00000014          *              : subd.obj (.text)
                   00027b90  [ 00013dc8 ] 00000013          *              : lmpy.obj (.text)
                   00027ba3  [ 00013dd1+] 00000012          *              : _lock.obj (.text)
                   00027bb5  [ 00013dda+] 00000010          *              : negd.obj (.text)
                   00027bc5  [ 00013de2+] 0000000a          *              : remove.obj (.text)
                   00027bcf  [ 00013de7+] 00000007          *              : exit.obj (.text:CIO_breakpoint)
                   00027bd6  [ 00013deb ] 00000002          *              : vectors.obj (.text)
                   00027bd8  [ 00013dec ] 00000001          *   --HOLE-- [fill = 20]

.cio         0   [ 00040000 ]  00020000          *   00000120   UNINITIALIZED
                 [ 00040000 ]  00020000          *   00000120   rts55x.lib : trgmsg.obj (.cio)

.cinit       0   [ 00040240 ]  00020120          *   000000bc   
                 [ 00040240 ]  00020120          *   0000002d   rts55x.lib : lowlev.obj (.cinit)
                 [ 0004029a ]  0002014d          *   0000002c   filter_coeff.obj (.cinit)
                 [ 000402f2 ]  00020179          *   0000002a   rts55x.lib : defs.obj (.cinit)
                 [ 00040346 ]  000201a3          *   0000000c   ezdsp5535bsl.lib : ezdsp5535_sar.obj (.cinit)
                 [ 0004035e ]  000201af          *   0000000a   rts55x.lib : _lock.obj (.cinit)
                 [ 00040372 ]  000201b9          *   0000000a              : exit.obj (.cinit)
                 [ 00040386 ]  000201c3          *   00000008   cslVC5505.lib : csl_i2s.obj (.cinit)
                 [ 00040396 ]  000201cb          *   00000008   processing.obj (.cinit)
                 [ 000403a6 ]  000201d3          *   00000004   rts55x.lib : fopen.obj (.cinit)
                 [ 000403ae ]  000201d7          *   00000004              : memory.obj (.cinit)
                 [ 000403b6 ]  000201db          *   00000001   --HOLE-- [fill = 0]

vectors      0     0004fe00  [ 00027f00 ] 00000200          *   
                   0004fe00  [ 00027f00 ] 00000100          *   cslVC5505.lib : vectors.obj (vectors)
                   0004ff00  [ 00027f80 ] 00000100          *   rts55x.lib : vectors.obj (vectors)


GLOBAL SYMBOLS: SORTED ALPHABETICALLY BY Name 

abs. value/
byte addr   word addr   name
---------   ---------   ----
00000002                $TI_capability$C5500$CallingConvention
00000002                $TI_capability$C5500$MemoryModel
00000001                $TI_capability_requires_rev3
ffffffff                .bss
ffffffff                .data
ffffffff                .text
00027bd0                C$$EXIT
000270ff                C$$IO$$
00027a7b                I$$DIV
00027b90                I$$LMPY
00027a9a                I$$MOD
00027b15                I$$UDIV
00027b2a                I$$UMOD
0004fe00                RST
00026ec5                _AIC3204_rget
00026f10                _AIC3204_rset
            00002868    _DMA_InputL
            00002968    _DMA_InputR
            00002a68    _DMA_OutputL
            00002b68    _DMA_OutputR
0002724b                _EZDSP5535_I2C_init
000272b1                _EZDSP5535_I2C_read
00027280                _EZDSP5535_I2C_reset
0002728b                _EZDSP5535_I2C_write
00026b24                _EZDSP5535_I2S_close
00026a2f                _EZDSP5535_I2S_init
00026a88                _EZDSP5535_I2S_readLeft
00026ae7                _EZDSP5535_I2S_readRight
00026aba                _EZDSP5535_I2S_writeLeft
00026b08                _EZDSP5535_I2S_writeRight
000266cc                _EZDSP5535_SAR_getKey
00026606                _EZDSP5535_SAR_init
00027875                _EZDSP5535_init
0002782f                _EZDSP5535_wait
00027863                _EZDSP5535_waitusec
            00003271    _H0
            00003284    _H1
00024c01                _HOSTclock
00024b96                _HOSTclose
00024ae1                _HOSTlseek
00024a42                _HOSTopen
000249b5                _HOSTread
00024907                _HOSTrename
000248a9                _HOSTtime
0002483f                _HOSTunlink
000247b2                _HOSTwrite
0002164d                _I2C_config
00022018                _I2C_eventDisable
00021ee4                _I2C_eventEnable
000217b2                _I2C_getConfig
000221c4                _I2C_getEventId
000215a4                _I2C_init
00021cc6                _I2C_read
00022137                _I2C_setCallback
00021888                _I2C_setup
00021a82                _I2C_write
0002312d                _I2S_close
00022cf8                _I2S_open
000231df                _I2S_read
000235ef                _I2S_reset
00022e3f                _I2S_setup
000236a0                _I2S_transEnable
00023499                _I2S_write
00023d3a                _IRQ_clear
00023da4                _IRQ_clearAll
00023db4                _IRQ_config
00023eda                _IRQ_disable
00023f58                _IRQ_disableAll
00023f66                _IRQ_enable
00024060                _IRQ_getArg
00023e47                _IRQ_getConfig
000241ae                _IRQ_globalDisable
000241c7                _IRQ_globalEnable
000241e0                _IRQ_globalRestore
00023ca0                _IRQ_init
000240d9                _IRQ_map
000272d9                _IRQ_plug
00023ff0                _IRQ_restore
000240a6                _IRQ_setArg
0002410b                _IRQ_setVecs
0002413c                _IRQ_test
            00002c68    _InputBufferL
            00002d68    _InputBufferMono
            00002ce8    _InputBufferR
            00002de8    _OutputBufferMono
0004ff00                _Reset
00022763                _SAR_A2DMeasParamSet
00022bdd                _SAR_GPODirSet
000222da                _SAR_chanClose
0002235e                _SAR_chanConfig
0002265a                _SAR_chanCycSet
0002225d                _SAR_chanInit
00022278                _SAR_chanOpen
00022446                _SAR_chanSetup
0002223d                _SAR_deInit
000223d4                _SAR_getConfig
00022cb9                _SAR_getStatus
000221e0                _SAR_init
00022722                _SAR_readData
000226a9                _SAR_startConversion
000226db                _SAR_stopConversion
            000032c2    _SarHandle
            000032be    _SarObj
0004fe00                _VECSTART
            00020000    __CIOBUF_
00023c47                __I2S_init
            00001060    __STACK_END
00002000                __STACK_SIZE
00002000                __SYSMEM_SIZE
00001000                __SYSSTACK_SIZE
00000001                __TI_args_main
ffffffff                ___binit__
ffffffff                ___bss__
ffffffff                ___c_args__
            00020120    ___cinit__
ffffffff                ___data__
ffffffff                ___edata__
ffffffff                ___end__
ffffffff                ___etext__
00027b62                ___isinf
ffffffff                ___pinit__
ffffffff                ___text__
00025f6a                __addd
00027920                __args_main
00025bae                __cleanup
            000032d0    __cleanup_ptr
000265ae                __cmpd
            0000344c    __ctypes_
00025114                __divd
00027a7b                __divi
000279b6                __divli
00025f35                __divlli
00027b15                __divu
000271aa                __divul
00025e41                __divull
00026f88                __doflush
            000032d2    __dtors_ptr
0002657a                __eqld
00027aeb                __fixdi
000275b8                __fixdli
0002776c                __fltlid
0002745d                __frcmpyd
000274d3                __frcmpyd_div
            00003080    __ft_end
            00002f68    __ftable
00026530                __geqd
000264e5                __gtrd
00026498                __leqd
            000032cc    __lock
00026450                __lssd
000268e3                __mpyd
00027b90                __mpyli
00025d89                __mpylli
00027bb5                __negd
0002641c                __neqd
00027bb3                __nop
00021362                __printfi
00026d9c                __rd_ok
00027bab                __register_lock
00027ba3                __register_unlock
00027a9a                __remi
0002796b                __remli
00025d5a                __remlli
00027b2a                __remu
00027546                __remul
00025d0c                __remull
            00000060    __stack
00027b7c                __subd
            00001860    __sys_memory
            00001060    __sysstack
            00002fe0    __tmpnams
            000032ce    __unlock
00026d1c                __wrt_ok
00027bcf                _abort
00024647                _add_device
00026f5d                _aic3204_codec_read
00026f74                _aic3204_codec_write
00026f4c                _aic3204_disable
000254e0                _aic3204_dma_init
00026f3a                _aic3204_hardware_init
000236eb                _aic3204_init
0002566b                _aic3204_read_block
00025720                _aic3204_write_block
000277d3                _atoi
000278d3                _auto_init
            00002e68    _buffer
            00002ee8    _buffer1
00027ab7                _c_int00
000250ee                _calloc
000250e6                _chkheap
000245d4                _close
            000032d4    _counter1
            000032d5    _counter2
00026224                _decimate
000261c4                _downsample
00027a3d                _exit
000273e2                _fclose
00026ff1                _fflush
000245cb                _find_registered_device
00026b36                _fir_basic
00026bb3                _fir_circular
00025cd1                _fopen
00027104                _fputc
00026780                _fputs
00024c5f                _free
00025090                _free_memory
00025c08                _freopen
            0000326f    _fsError
00027701                _fseek
            000032ac    _gI2cObj
00024737                _getenv
            000032d6    _hI2s
            00003297    _history
            000032aa    _i
            000032bc    _i2cHandle
0002632c                _interpolate
            000032ab    _j
            000032c4    _keyCnt1
            000032c5    _keyCnt2
00024565                _lseek
00027365                _ltoa
0002583e                _main
00024d90                _malloc
00025036                _max_free
00027b3f                _memccpy
000279fe                _memcpy
00024d2b                _minit
000244a6                _open
            00003270    _ouError
            000032c1    _preKey
00027883                _printf
00027104                _putc
0002719b                _putchar
000268b5                _puts
000243f8                _read
00027694                _readmsg
00024e85                _realloc
00027bc5                _remove
000243c2                _remove_device
00024369                _rename
00026398                _resample
000238dc                _set_sampling_frequency_and_gain
00026c36                _setvbuf
000257fb                _stereoToMono
00024336                _unlink
00026293                _upsample
000241f4                _write
0002704a                _writemsg
ffffffff                binit
            00020120    cinit
ffffffff                edata
ffffffff                end
ffffffff                etext
ffffffff                pinit


GLOBAL SYMBOLS: SORTED BY Symbol Address 

abs. value/
byte addr   word addr   name
---------   ---------   ----
00000001                $TI_capability_requires_rev3
00000001                __TI_args_main
00000002                $TI_capability$C5500$CallingConvention
00000002                $TI_capability$C5500$MemoryModel
            00000060    __stack
00001000                __SYSSTACK_SIZE
00002000                __STACK_SIZE
00002000                __SYSMEM_SIZE
            00001060    __STACK_END
            00001060    __sysstack
            00001860    __sys_memory
            00002868    _DMA_InputL
            00002968    _DMA_InputR
            00002a68    _DMA_OutputL
            00002b68    _DMA_OutputR
            00002c68    _InputBufferL
            00002ce8    _InputBufferR
            00002d68    _InputBufferMono
            00002de8    _OutputBufferMono
            00002e68    _buffer
            00002ee8    _buffer1
            00002f68    __ftable
            00002fe0    __tmpnams
            00003080    __ft_end
            0000326f    _fsError
            00003270    _ouError
            00003271    _H0
            00003284    _H1
            00003297    _history
            000032aa    _i
            000032ab    _j
            000032ac    _gI2cObj
            000032bc    _i2cHandle
            000032be    _SarObj
            000032c1    _preKey
            000032c2    _SarHandle
            000032c4    _keyCnt1
            000032c5    _keyCnt2
            000032cc    __lock
            000032ce    __unlock
            000032d0    __cleanup_ptr
            000032d2    __dtors_ptr
            000032d4    _counter1
            000032d5    _counter2
            000032d6    _hI2s
            0000344c    __ctypes_
00021362                __printfi
000215a4                _I2C_init
0002164d                _I2C_config
000217b2                _I2C_getConfig
00021888                _I2C_setup
00021a82                _I2C_write
00021cc6                _I2C_read
00021ee4                _I2C_eventEnable
00022018                _I2C_eventDisable
00022137                _I2C_setCallback
000221c4                _I2C_getEventId
000221e0                _SAR_init
0002223d                _SAR_deInit
0002225d                _SAR_chanInit
00022278                _SAR_chanOpen
000222da                _SAR_chanClose
0002235e                _SAR_chanConfig
000223d4                _SAR_getConfig
00022446                _SAR_chanSetup
0002265a                _SAR_chanCycSet
000226a9                _SAR_startConversion
000226db                _SAR_stopConversion
00022722                _SAR_readData
00022763                _SAR_A2DMeasParamSet
00022bdd                _SAR_GPODirSet
00022cb9                _SAR_getStatus
00022cf8                _I2S_open
00022e3f                _I2S_setup
0002312d                _I2S_close
000231df                _I2S_read
00023499                _I2S_write
000235ef                _I2S_reset
000236a0                _I2S_transEnable
000236eb                _aic3204_init
000238dc                _set_sampling_frequency_and_gain
00023c47                __I2S_init
00023ca0                _IRQ_init
00023d3a                _IRQ_clear
00023da4                _IRQ_clearAll
00023db4                _IRQ_config
00023e47                _IRQ_getConfig
00023eda                _IRQ_disable
00023f58                _IRQ_disableAll
00023f66                _IRQ_enable
00023ff0                _IRQ_restore
00024060                _IRQ_getArg
000240a6                _IRQ_setArg
000240d9                _IRQ_map
0002410b                _IRQ_setVecs
0002413c                _IRQ_test
000241ae                _IRQ_globalDisable
000241c7                _IRQ_globalEnable
000241e0                _IRQ_globalRestore
000241f4                _write
00024336                _unlink
00024369                _rename
000243c2                _remove_device
000243f8                _read
000244a6                _open
00024565                _lseek
000245cb                _find_registered_device
000245d4                _close
00024647                _add_device
00024737                _getenv
000247b2                _HOSTwrite
0002483f                _HOSTunlink
000248a9                _HOSTtime
00024907                _HOSTrename
000249b5                _HOSTread
00024a42                _HOSTopen
00024ae1                _HOSTlseek
00024b96                _HOSTclose
00024c01                _HOSTclock
00024c5f                _free
00024d2b                _minit
00024d90                _malloc
00024e85                _realloc
00025036                _max_free
00025090                _free_memory
000250e6                _chkheap
000250ee                _calloc
00025114                __divd
000254e0                _aic3204_dma_init
0002566b                _aic3204_read_block
00025720                _aic3204_write_block
000257fb                _stereoToMono
0002583e                _main
00025bae                __cleanup
00025c08                _freopen
00025cd1                _fopen
00025d0c                __remull
00025d5a                __remlli
00025d89                __mpylli
00025e41                __divull
00025f35                __divlli
00025f6a                __addd
000261c4                _downsample
00026224                _decimate
00026293                _upsample
0002632c                _interpolate
00026398                _resample
0002641c                __neqd
00026450                __lssd
00026498                __leqd
000264e5                __gtrd
00026530                __geqd
0002657a                __eqld
000265ae                __cmpd
00026606                _EZDSP5535_SAR_init
000266cc                _EZDSP5535_SAR_getKey
00026780                _fputs
000268b5                _puts
000268e3                __mpyd
00026a2f                _EZDSP5535_I2S_init
00026a88                _EZDSP5535_I2S_readLeft
00026aba                _EZDSP5535_I2S_writeLeft
00026ae7                _EZDSP5535_I2S_readRight
00026b08                _EZDSP5535_I2S_writeRight
00026b24                _EZDSP5535_I2S_close
00026b36                _fir_basic
00026bb3                _fir_circular
00026c36                _setvbuf
00026d1c                __wrt_ok
00026d9c                __rd_ok
00026ec5                _AIC3204_rget
00026f10                _AIC3204_rset
00026f3a                _aic3204_hardware_init
00026f4c                _aic3204_disable
00026f5d                _aic3204_codec_read
00026f74                _aic3204_codec_write
00026f88                __doflush
00026ff1                _fflush
0002704a                _writemsg
000270ff                C$$IO$$
00027104                _fputc
00027104                _putc
0002719b                _putchar
000271aa                __divul
0002724b                _EZDSP5535_I2C_init
00027280                _EZDSP5535_I2C_reset
0002728b                _EZDSP5535_I2C_write
000272b1                _EZDSP5535_I2C_read
000272d9                _IRQ_plug
00027365                _ltoa
000273e2                _fclose
0002745d                __frcmpyd
000274d3                __frcmpyd_div
00027546                __remul
000275b8                __fixdli
00027694                _readmsg
00027701                _fseek
0002776c                __fltlid
000277d3                _atoi
0002782f                _EZDSP5535_wait
00027863                _EZDSP5535_waitusec
00027875                _EZDSP5535_init
00027883                _printf
000278d3                _auto_init
00027920                __args_main
0002796b                __remli
000279b6                __divli
000279fe                _memcpy
00027a3d                _exit
00027a7b                I$$DIV
00027a7b                __divi
00027a9a                I$$MOD
00027a9a                __remi
00027ab7                _c_int00
00027aeb                __fixdi
00027b15                I$$UDIV
00027b15                __divu
00027b2a                I$$UMOD
00027b2a                __remu
00027b3f                _memccpy
00027b62                ___isinf
00027b7c                __subd
00027b90                I$$LMPY
00027b90                __mpyli
00027ba3                __register_unlock
00027bab                __register_lock
00027bb3                __nop
00027bb5                __negd
00027bc5                _remove
00027bcf                _abort
00027bd0                C$$EXIT
            00020000    __CIOBUF_
            00020120    ___cinit__
            00020120    cinit
0004fe00                RST
0004fe00                _VECSTART
0004ff00                _Reset
ffffffff                .bss
ffffffff                .data
ffffffff                .text
ffffffff                ___binit__
ffffffff                ___bss__
ffffffff                ___c_args__
ffffffff                ___data__
ffffffff                ___edata__
ffffffff                ___end__
ffffffff                ___etext__
ffffffff                ___pinit__
ffffffff                ___text__
ffffffff                binit
ffffffff                edata
ffffffff                end
ffffffff                etext
ffffffff                pinit

[254 symbols]
