<?xml version="1.0"?>
<link_info>
   <banner>TMS320C55x Linker PC v4.4.1</banner>
   <copyright>Copyright (c) 1996-2012 Texas Instruments Incorporated</copyright>
   <link_time>0x5aa0fdde</link_time>
   <output_file>Zadatak1.out</output_file>
   <entry_point>
      <name>_c_int00</name>
      <address>0x2438a</address>
   </entry_point>
   <input_file_list>
      <input_file id="fl-2">
         <path>.\</path>
         <kind>object</kind>
         <file>filter_coeff.obj</file>
         <name>filter_coeff.obj</name>
      </input_file>
      <input_file id="fl-3">
         <path>.\</path>
         <kind>object</kind>
         <file>fir.obj</file>
         <name>fir.obj</name>
      </input_file>
      <input_file id="fl-4">
         <path>.\</path>
         <kind>object</kind>
         <file>main.obj</file>
         <name>main.obj</name>
      </input_file>
      <input_file id="fl-5">
         <path>.\</path>
         <kind>object</kind>
         <file>processing.obj</file>
         <name>processing.obj</name>
      </input_file>
      <input_file id="fl-6">
         <path>.\</path>
         <kind>object</kind>
         <file>signal.obj</file>
         <name>signal.obj</name>
      </input_file>
      <input_file id="fl-f">
         <path>C:\ti\ccsv6\tools\compiler\c5500_4.4.1\lib\</path>
         <kind>archive</kind>
         <file>rts55x.lib</file>
         <name>boot.obj</name>
      </input_file>
      <input_file id="fl-10">
         <path>C:\ti\ccsv6\tools\compiler\c5500_4.4.1\lib\</path>
         <kind>archive</kind>
         <file>rts55x.lib</file>
         <name>exit.obj</name>
      </input_file>
      <input_file id="fl-11">
         <path>C:\ti\ccsv6\tools\compiler\c5500_4.4.1\lib\</path>
         <kind>archive</kind>
         <file>rts55x.lib</file>
         <name>printf.obj</name>
      </input_file>
      <input_file id="fl-12">
         <path>C:\ti\ccsv6\tools\compiler\c5500_4.4.1\lib\</path>
         <kind>archive</kind>
         <file>rts55x.lib</file>
         <name>vectors.obj</name>
      </input_file>
      <input_file id="fl-13">
         <path>C:\ti\ccsv6\tools\compiler\c5500_4.4.1\lib\</path>
         <kind>archive</kind>
         <file>rts55x.lib</file>
         <name>_lock.obj</name>
      </input_file>
      <input_file id="fl-14">
         <path>C:\ti\ccsv6\tools\compiler\c5500_4.4.1\lib\</path>
         <kind>archive</kind>
         <file>rts55x.lib</file>
         <name>_printfi.obj</name>
      </input_file>
      <input_file id="fl-15">
         <path>C:\ti\ccsv6\tools\compiler\c5500_4.4.1\lib\</path>
         <kind>archive</kind>
         <file>rts55x.lib</file>
         <name>args_main.obj</name>
      </input_file>
      <input_file id="fl-16">
         <path>C:\ti\ccsv6\tools\compiler\c5500_4.4.1\lib\</path>
         <kind>archive</kind>
         <file>rts55x.lib</file>
         <name>atoi.obj</name>
      </input_file>
      <input_file id="fl-17">
         <path>C:\ti\ccsv6\tools\compiler\c5500_4.4.1\lib\</path>
         <kind>archive</kind>
         <file>rts55x.lib</file>
         <name>autoinit.obj</name>
      </input_file>
      <input_file id="fl-18">
         <path>C:\ti\ccsv6\tools\compiler\c5500_4.4.1\lib\</path>
         <kind>archive</kind>
         <file>rts55x.lib</file>
         <name>cmpd.obj</name>
      </input_file>
      <input_file id="fl-19">
         <path>C:\ti\ccsv6\tools\compiler\c5500_4.4.1\lib\</path>
         <kind>archive</kind>
         <file>rts55x.lib</file>
         <name>ctype.obj</name>
      </input_file>
      <input_file id="fl-1a">
         <path>C:\ti\ccsv6\tools\compiler\c5500_4.4.1\lib\</path>
         <kind>archive</kind>
         <file>rts55x.lib</file>
         <name>defs.obj</name>
      </input_file>
      <input_file id="fl-1b">
         <path>C:\ti\ccsv6\tools\compiler\c5500_4.4.1\lib\</path>
         <kind>archive</kind>
         <file>rts55x.lib</file>
         <name>divd.obj</name>
      </input_file>
      <input_file id="fl-1c">
         <path>C:\ti\ccsv6\tools\compiler\c5500_4.4.1\lib\</path>
         <kind>archive</kind>
         <file>rts55x.lib</file>
         <name>divul.obj</name>
      </input_file>
      <input_file id="fl-1d">
         <path>C:\ti\ccsv6\tools\compiler\c5500_4.4.1\lib\</path>
         <kind>archive</kind>
         <file>rts55x.lib</file>
         <name>fixdi.obj</name>
      </input_file>
      <input_file id="fl-1e">
         <path>C:\ti\ccsv6\tools\compiler\c5500_4.4.1\lib\</path>
         <kind>archive</kind>
         <file>rts55x.lib</file>
         <name>fixdli.obj</name>
      </input_file>
      <input_file id="fl-1f">
         <path>C:\ti\ccsv6\tools\compiler\c5500_4.4.1\lib\</path>
         <kind>archive</kind>
         <file>rts55x.lib</file>
         <name>fltlid.obj</name>
      </input_file>
      <input_file id="fl-20">
         <path>C:\ti\ccsv6\tools\compiler\c5500_4.4.1\lib\</path>
         <kind>archive</kind>
         <file>rts55x.lib</file>
         <name>fputc.obj</name>
      </input_file>
      <input_file id="fl-21">
         <path>C:\ti\ccsv6\tools\compiler\c5500_4.4.1\lib\</path>
         <kind>archive</kind>
         <file>rts55x.lib</file>
         <name>fputs.obj</name>
      </input_file>
      <input_file id="fl-22">
         <path>C:\ti\ccsv6\tools\compiler\c5500_4.4.1\lib\</path>
         <kind>archive</kind>
         <file>rts55x.lib</file>
         <name>frcmpyd_div.obj</name>
      </input_file>
      <input_file id="fl-23">
         <path>C:\ti\ccsv6\tools\compiler\c5500_4.4.1\lib\</path>
         <kind>archive</kind>
         <file>rts55x.lib</file>
         <name>isinf.obj</name>
      </input_file>
      <input_file id="fl-24">
         <path>C:\ti\ccsv6\tools\compiler\c5500_4.4.1\lib\</path>
         <kind>archive</kind>
         <file>rts55x.lib</file>
         <name>llmpy.obj</name>
      </input_file>
      <input_file id="fl-25">
         <path>C:\ti\ccsv6\tools\compiler\c5500_4.4.1\lib\</path>
         <kind>archive</kind>
         <file>rts55x.lib</file>
         <name>lmpy.obj</name>
      </input_file>
      <input_file id="fl-26">
         <path>C:\ti\ccsv6\tools\compiler\c5500_4.4.1\lib\</path>
         <kind>archive</kind>
         <file>rts55x.lib</file>
         <name>lowlev.obj</name>
      </input_file>
      <input_file id="fl-27">
         <path>C:\ti\ccsv6\tools\compiler\c5500_4.4.1\lib\</path>
         <kind>archive</kind>
         <file>rts55x.lib</file>
         <name>ltoa.obj</name>
      </input_file>
      <input_file id="fl-28">
         <path>C:\ti\ccsv6\tools\compiler\c5500_4.4.1\lib\</path>
         <kind>archive</kind>
         <file>rts55x.lib</file>
         <name>memccpy.obj</name>
      </input_file>
      <input_file id="fl-29">
         <path>C:\ti\ccsv6\tools\compiler\c5500_4.4.1\lib\</path>
         <kind>archive</kind>
         <file>rts55x.lib</file>
         <name>memcpy.obj</name>
      </input_file>
      <input_file id="fl-2a">
         <path>C:\ti\ccsv6\tools\compiler\c5500_4.4.1\lib\</path>
         <kind>archive</kind>
         <file>rts55x.lib</file>
         <name>mpyd.obj</name>
      </input_file>
      <input_file id="fl-2b">
         <path>C:\ti\ccsv6\tools\compiler\c5500_4.4.1\lib\</path>
         <kind>archive</kind>
         <file>rts55x.lib</file>
         <name>negd.obj</name>
      </input_file>
      <input_file id="fl-2c">
         <path>C:\ti\ccsv6\tools\compiler\c5500_4.4.1\lib\</path>
         <kind>archive</kind>
         <file>rts55x.lib</file>
         <name>remli.obj</name>
      </input_file>
      <input_file id="fl-2d">
         <path>C:\ti\ccsv6\tools\compiler\c5500_4.4.1\lib\</path>
         <kind>archive</kind>
         <file>rts55x.lib</file>
         <name>remul.obj</name>
      </input_file>
      <input_file id="fl-2e">
         <path>C:\ti\ccsv6\tools\compiler\c5500_4.4.1\lib\</path>
         <kind>archive</kind>
         <file>rts55x.lib</file>
         <name>subd.obj</name>
      </input_file>
      <input_file id="fl-2f">
         <path>C:\ti\ccsv6\tools\compiler\c5500_4.4.1\lib\</path>
         <kind>archive</kind>
         <file>rts55x.lib</file>
         <name>trgdrv.obj</name>
      </input_file>
      <input_file id="fl-30">
         <path>C:\ti\ccsv6\tools\compiler\c5500_4.4.1\lib\</path>
         <kind>archive</kind>
         <file>rts55x.lib</file>
         <name>trgmsg.obj</name>
      </input_file>
      <input_file id="fl-31">
         <path>C:\ti\ccsv6\tools\compiler\c5500_4.4.1\lib\</path>
         <kind>archive</kind>
         <file>rts55x.lib</file>
         <name>udiv.obj</name>
      </input_file>
      <input_file id="fl-32">
         <path>C:\ti\ccsv6\tools\compiler\c5500_4.4.1\lib\</path>
         <kind>archive</kind>
         <file>rts55x.lib</file>
         <name>_io_perm.obj</name>
      </input_file>
      <input_file id="fl-33">
         <path>C:\ti\ccsv6\tools\compiler\c5500_4.4.1\lib\</path>
         <kind>archive</kind>
         <file>rts55x.lib</file>
         <name>addd.obj</name>
      </input_file>
      <input_file id="fl-34">
         <path>C:\ti\ccsv6\tools\compiler\c5500_4.4.1\lib\</path>
         <kind>archive</kind>
         <file>rts55x.lib</file>
         <name>divli.obj</name>
      </input_file>
      <input_file id="fl-35">
         <path>C:\ti\ccsv6\tools\compiler\c5500_4.4.1\lib\</path>
         <kind>archive</kind>
         <file>rts55x.lib</file>
         <name>fflush.obj</name>
      </input_file>
      <input_file id="fl-36">
         <path>C:\ti\ccsv6\tools\compiler\c5500_4.4.1\lib\</path>
         <kind>archive</kind>
         <file>rts55x.lib</file>
         <name>frcmpyd.obj</name>
      </input_file>
      <input_file id="fl-37">
         <path>C:\ti\ccsv6\tools\compiler\c5500_4.4.1\lib\</path>
         <kind>archive</kind>
         <file>rts55x.lib</file>
         <name>fseek.obj</name>
      </input_file>
      <input_file id="fl-38">
         <path>C:\ti\ccsv6\tools\compiler\c5500_4.4.1\lib\</path>
         <kind>archive</kind>
         <file>rts55x.lib</file>
         <name>setvbuf.obj</name>
      </input_file>
      <input_file id="fl-39">
         <path>C:\ti\ccsv6\tools\compiler\c5500_4.4.1\lib\</path>
         <kind>archive</kind>
         <file>rts55x.lib</file>
         <name>fopen.obj</name>
      </input_file>
      <input_file id="fl-3a">
         <path>C:\ti\ccsv6\tools\compiler\c5500_4.4.1\lib\</path>
         <kind>archive</kind>
         <file>rts55x.lib</file>
         <name>memory.obj</name>
      </input_file>
      <input_file id="fl-3b">
         <path>C:\ti\ccsv6\tools\compiler\c5500_4.4.1\lib\</path>
         <kind>archive</kind>
         <file>rts55x.lib</file>
         <name>fclose.obj</name>
      </input_file>
      <input_file id="fl-3c">
         <path>C:\ti\ccsv6\tools\compiler\c5500_4.4.1\lib\</path>
         <kind>archive</kind>
         <file>rts55x.lib</file>
         <name>remove.obj</name>
      </input_file>
   </input_file_list>
   <object_component_list>
      <object_component id="oc-46">
         <name>.text</name>
         <load_address>0x20000</load_address>
         <run_address>0x20000</run_address>
         <size>0x15a4</size>
         <input_file_ref idref="fl-14"/>
      </object_component>
      <object_component id="oc-90">
         <name>.text</name>
         <load_address>0x215a4</load_address>
         <run_address>0x215a4</run_address>
         <size>0x543</size>
         <input_file_ref idref="fl-26"/>
      </object_component>
      <object_component id="oc-b6">
         <name>.text</name>
         <load_address>0x21ae7</load_address>
         <run_address>0x21ae7</run_address>
         <size>0x528</size>
         <input_file_ref idref="fl-2f"/>
      </object_component>
      <object_component id="oc-e7">
         <name>.text</name>
         <load_address>0x2200f</load_address>
         <run_address>0x2200f</run_address>
         <size>0x4b5</size>
         <input_file_ref idref="fl-3a"/>
      </object_component>
      <object_component id="oc-62">
         <name>.text</name>
         <load_address>0x224c4</load_address>
         <run_address>0x224c4</run_address>
         <size>0x3cc</size>
         <input_file_ref idref="fl-1b"/>
      </object_component>
      <object_component id="oc-22">
         <name>.text</name>
         <load_address>0x22890</load_address>
         <run_address>0x22890</run_address>
         <size>0x2bf</size>
         <input_file_ref idref="fl-5"/>
      </object_component>
      <object_component id="oc-e1">
         <name>.text</name>
         <load_address>0x22b4f</load_address>
         <run_address>0x22b4f</run_address>
         <size>0x27f</size>
         <input_file_ref idref="fl-39"/>
      </object_component>
      <object_component id="oc-88">
         <name>.text</name>
         <load_address>0x22dce</load_address>
         <run_address>0x22dce</run_address>
         <size>0x25e</size>
         <input_file_ref idref="fl-24"/>
      </object_component>
      <object_component id="oc-c9">
         <name>.text</name>
         <load_address>0x2302c</load_address>
         <run_address>0x2302c</run_address>
         <size>0x25a</size>
         <input_file_ref idref="fl-33"/>
      </object_component>
      <object_component id="oc-58">
         <name>.text</name>
         <load_address>0x23286</load_address>
         <run_address>0x23286</run_address>
         <size>0x1ea</size>
         <input_file_ref idref="fl-18"/>
      </object_component>
      <object_component id="oc-7b">
         <name>.text</name>
         <load_address>0x23470</load_address>
         <run_address>0x23470</run_address>
         <size>0x163</size>
         <input_file_ref idref="fl-21"/>
      </object_component>
      <object_component id="oc-a2">
         <name>.text</name>
         <load_address>0x235d3</load_address>
         <run_address>0x235d3</run_address>
         <size>0x14c</size>
         <input_file_ref idref="fl-2a"/>
      </object_component>
      <object_component id="oc-16">
         <name>.text</name>
         <load_address>0x2371f</load_address>
         <run_address>0x2371f</run_address>
         <size>0x100</size>
         <input_file_ref idref="fl-3"/>
      </object_component>
      <object_component id="oc-dd">
         <name>.text</name>
         <load_address>0x2381f</load_address>
         <run_address>0x2381f</run_address>
         <size>0xe6</size>
         <input_file_ref idref="fl-38"/>
      </object_component>
      <object_component id="oc-c5">
         <name>.text</name>
         <load_address>0x23905</load_address>
         <run_address>0x23905</run_address>
         <size>0xdd</size>
         <input_file_ref idref="fl-32"/>
      </object_component>
      <object_component id="oc-d1">
         <name>.text</name>
         <load_address>0x239e2</load_address>
         <run_address>0x239e2</run_address>
         <size>0xc2</size>
         <input_file_ref idref="fl-35"/>
      </object_component>
      <object_component id="oc-be">
         <name>.text:CIO_breakpoint</name>
         <load_address>0x23aa4</load_address>
         <run_address>0x23aa4</run_address>
         <size>0xba</size>
         <input_file_ref idref="fl-30"/>
      </object_component>
      <object_component id="oc-77">
         <name>.text</name>
         <load_address>0x23b5e</load_address>
         <run_address>0x23b5e</run_address>
         <size>0xa6</size>
         <input_file_ref idref="fl-20"/>
      </object_component>
      <object_component id="oc-66">
         <name>.text</name>
         <load_address>0x23c04</load_address>
         <run_address>0x23c04</run_address>
         <size>0xa1</size>
         <input_file_ref idref="fl-1c"/>
      </object_component>
      <object_component id="oc-1b">
         <name>.text</name>
         <load_address>0x23ca5</load_address>
         <run_address>0x23ca5</run_address>
         <size>0x90</size>
         <input_file_ref idref="fl-4"/>
      </object_component>
      <object_component id="oc-96">
         <name>.text</name>
         <load_address>0x23d35</load_address>
         <run_address>0x23d35</run_address>
         <size>0x7d</size>
         <input_file_ref idref="fl-27"/>
      </object_component>
      <object_component id="oc-ee">
         <name>.text</name>
         <load_address>0x23db2</load_address>
         <run_address>0x23db2</run_address>
         <size>0x7b</size>
         <input_file_ref idref="fl-3b"/>
      </object_component>
      <object_component id="oc-d5">
         <name>.text</name>
         <load_address>0x23e2d</load_address>
         <run_address>0x23e2d</run_address>
         <size>0x76</size>
         <input_file_ref idref="fl-36"/>
      </object_component>
      <object_component id="oc-80">
         <name>.text</name>
         <load_address>0x23ea3</load_address>
         <run_address>0x23ea3</run_address>
         <size>0x73</size>
         <input_file_ref idref="fl-22"/>
      </object_component>
      <object_component id="oc-ae">
         <name>.text</name>
         <load_address>0x23f16</load_address>
         <run_address>0x23f16</run_address>
         <size>0x72</size>
         <input_file_ref idref="fl-2d"/>
      </object_component>
      <object_component id="oc-6e">
         <name>.text</name>
         <load_address>0x23f88</load_address>
         <run_address>0x23f88</run_address>
         <size>0x6f</size>
         <input_file_ref idref="fl-1e"/>
      </object_component>
      <object_component id="oc-bb">
         <name>.text</name>
         <load_address>0x23ff7</load_address>
         <run_address>0x23ff7</run_address>
         <size>0x6d</size>
         <input_file_ref idref="fl-30"/>
      </object_component>
      <object_component id="oc-d9">
         <name>.text</name>
         <load_address>0x24064</load_address>
         <run_address>0x24064</run_address>
         <size>0x6b</size>
         <input_file_ref idref="fl-37"/>
      </object_component>
      <object_component id="oc-72">
         <name>.text</name>
         <load_address>0x240cf</load_address>
         <run_address>0x240cf</run_address>
         <size>0x67</size>
         <input_file_ref idref="fl-1f"/>
      </object_component>
      <object_component id="oc-50">
         <name>.text</name>
         <load_address>0x24136</load_address>
         <run_address>0x24136</run_address>
         <size>0x5c</size>
         <input_file_ref idref="fl-16"/>
      </object_component>
      <object_component id="oc-38">
         <name>.text</name>
         <load_address>0x24192</load_address>
         <run_address>0x24192</run_address>
         <size>0x50</size>
         <input_file_ref idref="fl-11"/>
      </object_component>
      <object_component id="oc-54">
         <name>.text</name>
         <load_address>0x241e2</load_address>
         <run_address>0x241e2</run_address>
         <size>0x4d</size>
         <input_file_ref idref="fl-17"/>
      </object_component>
      <object_component id="oc-4c">
         <name>.text</name>
         <load_address>0x2422f</load_address>
         <run_address>0x2422f</run_address>
         <size>0x4b</size>
         <input_file_ref idref="fl-15"/>
      </object_component>
      <object_component id="oc-aa">
         <name>.text</name>
         <load_address>0x2427a</load_address>
         <run_address>0x2427a</run_address>
         <size>0x4b</size>
         <input_file_ref idref="fl-2c"/>
      </object_component>
      <object_component id="oc-cd">
         <name>.text</name>
         <load_address>0x242c5</load_address>
         <run_address>0x242c5</run_address>
         <size>0x48</size>
         <input_file_ref idref="fl-34"/>
      </object_component>
      <object_component id="oc-9e">
         <name>.text</name>
         <load_address>0x2430d</load_address>
         <run_address>0x2430d</run_address>
         <size>0x3f</size>
         <input_file_ref idref="fl-29"/>
      </object_component>
      <object_component id="oc-31">
         <name>.text</name>
         <load_address>0x2434c</load_address>
         <run_address>0x2434c</run_address>
         <size>0x3e</size>
         <input_file_ref idref="fl-10"/>
      </object_component>
      <object_component id="oc-10">
         <name>.text</name>
         <load_address>0x2438a</load_address>
         <run_address>0x2438a</run_address>
         <size>0x34</size>
         <input_file_ref idref="fl-f"/>
      </object_component>
      <object_component id="oc-6a">
         <name>.text</name>
         <load_address>0x243be</load_address>
         <run_address>0x243be</run_address>
         <size>0x2a</size>
         <input_file_ref idref="fl-1d"/>
      </object_component>
      <object_component id="oc-c1">
         <name>.text</name>
         <load_address>0x243e8</load_address>
         <run_address>0x243e8</run_address>
         <size>0x2a</size>
         <input_file_ref idref="fl-31"/>
      </object_component>
      <object_component id="oc-9a">
         <name>.text</name>
         <load_address>0x24412</load_address>
         <run_address>0x24412</run_address>
         <size>0x23</size>
         <input_file_ref idref="fl-28"/>
      </object_component>
      <object_component id="oc-84">
         <name>.text</name>
         <load_address>0x24435</load_address>
         <run_address>0x24435</run_address>
         <size>0x1a</size>
         <input_file_ref idref="fl-23"/>
      </object_component>
      <object_component id="oc-b2">
         <name>.text</name>
         <load_address>0x2444f</load_address>
         <run_address>0x2444f</run_address>
         <size>0x14</size>
         <input_file_ref idref="fl-2e"/>
      </object_component>
      <object_component id="oc-8c">
         <name>.text</name>
         <load_address>0x24463</load_address>
         <run_address>0x24463</run_address>
         <size>0x13</size>
         <input_file_ref idref="fl-25"/>
      </object_component>
      <object_component id="oc-40">
         <name>.text</name>
         <load_address>0x24476</load_address>
         <run_address>0x24476</run_address>
         <size>0x12</size>
         <input_file_ref idref="fl-13"/>
      </object_component>
      <object_component id="oc-a6">
         <name>.text</name>
         <load_address>0x24488</load_address>
         <run_address>0x24488</run_address>
         <size>0x10</size>
         <input_file_ref idref="fl-2b"/>
      </object_component>
      <object_component id="oc-f2">
         <name>.text</name>
         <load_address>0x24498</load_address>
         <run_address>0x24498</run_address>
         <size>0xa</size>
         <input_file_ref idref="fl-3c"/>
      </object_component>
      <object_component id="oc-35">
         <name>.text:CIO_breakpoint</name>
         <load_address>0x244a2</load_address>
         <run_address>0x244a2</run_address>
         <size>0x7</size>
         <input_file_ref idref="fl-10"/>
      </object_component>
      <object_component id="oc-3c">
         <name>.text</name>
         <load_address>0x244a9</load_address>
         <run_address>0x244a9</run_address>
         <size>0x2</size>
         <input_file_ref idref="fl-12"/>
      </object_component>
      <object_component id="oc-2d">
         <name>.stack</name>
         <uninitialized>true</uninitialized>
         <run_address>0xc0</run_address>
         <size>0x0</size>
         <input_file_ref idref="fl-f"/>
      </object_component>
      <object_component id="oc-110">
         <name>.stack</name>
         <uninitialized>true</uninitialized>
         <run_address>0xc0</run_address>
         <size>0x0</size>
      </object_component>
      <object_component id="oc-f6">
         <name>.sysstack</name>
         <uninitialized>true</uninitialized>
         <run_address>0x20c0</run_address>
         <size>0x0</size>
         <input_file_ref idref="fl-f"/>
      </object_component>
      <object_component id="oc-112">
         <name>.sysstack</name>
         <uninitialized>true</uninitialized>
         <run_address>0x20c0</run_address>
         <size>0x0</size>
      </object_component>
      <object_component id="oc-1c">
         <name>.bss</name>
         <uninitialized>true</uninitialized>
         <run_address>0x50c0</run_address>
         <size>0x1000</size>
         <input_file_ref idref="fl-4"/>
      </object_component>
      <object_component id="oc-29">
         <name>.bss</name>
         <uninitialized>true</uninitialized>
         <run_address>0x60c0</run_address>
         <size>0xa00</size>
         <input_file_ref idref="fl-6"/>
      </object_component>
      <object_component id="oc-5e">
         <name>.bss</name>
         <uninitialized>true</uninitialized>
         <run_address>0x6ac0</run_address>
         <size>0x232</size>
         <input_file_ref idref="fl-1a"/>
      </object_component>
      <object_component id="oc-b7">
         <name>.bss</name>
         <uninitialized>true</uninitialized>
         <run_address>0x6cf2</run_address>
         <size>0x1a0</size>
         <input_file_ref idref="fl-2f"/>
      </object_component>
      <object_component id="oc-e2">
         <name>.bss</name>
         <uninitialized>true</uninitialized>
         <run_address>0x6e92</run_address>
         <size>0x2</size>
         <input_file_ref idref="fl-39"/>
      </object_component>
      <object_component id="oc-91">
         <name>.bss</name>
         <uninitialized>true</uninitialized>
         <run_address>0x6e94</run_address>
         <size>0xe2</size>
         <input_file_ref idref="fl-26"/>
      </object_component>
      <object_component id="oc-23">
         <name>.bss</name>
         <uninitialized>true</uninitialized>
         <run_address>0x6f76</run_address>
         <size>0x2e</size>
         <input_file_ref idref="fl-5"/>
      </object_component>
      <object_component id="oc-12">
         <name>.bss</name>
         <uninitialized>true</uninitialized>
         <run_address>0x6fa4</run_address>
         <size>0x2a</size>
         <input_file_ref idref="fl-2"/>
      </object_component>
      <object_component id="oc-e8">
         <name>.bss</name>
         <uninitialized>true</uninitialized>
         <run_address>0x6fd0</run_address>
         <size>0xc</size>
         <input_file_ref idref="fl-3a"/>
      </object_component>
      <object_component id="oc-41">
         <name>.bss</name>
         <uninitialized>true</uninitialized>
         <run_address>0x6fdc</run_address>
         <size>0x8</size>
         <input_file_ref idref="fl-13"/>
      </object_component>
      <object_component id="oc-32">
         <name>.bss</name>
         <uninitialized>true</uninitialized>
         <run_address>0x6fe4</run_address>
         <size>0x8</size>
         <input_file_ref idref="fl-10"/>
      </object_component>
      <object_component id="oc-f7">
         <name>.const:__ctypes_</name>
         <load_address>0x6fec</load_address>
         <run_address>0x6fec</run_address>
         <size>0x202</size>
         <input_file_ref idref="fl-19"/>
      </object_component>
      <object_component id="oc-1e">
         <name>.const:.string</name>
         <load_address>0x71f0</load_address>
         <run_address>0x71f0</run_address>
         <size>0x92</size>
         <input_file_ref idref="fl-4"/>
      </object_component>
      <object_component id="oc-49">
         <name>.const:.string</name>
         <load_address>0x7284</load_address>
         <run_address>0x7284</run_address>
         <size>0x48</size>
         <input_file_ref idref="fl-14"/>
      </object_component>
      <object_component id="oc-48">
         <name>.const</name>
         <load_address>0x72cc</load_address>
         <run_address>0x72cc</run_address>
         <size>0x18</size>
         <input_file_ref idref="fl-14"/>
      </object_component>
      <object_component id="oc-f8">
         <name>.const:_initial_approx$1</name>
         <load_address>0x72e4</load_address>
         <run_address>0x72e4</run_address>
         <size>0x10</size>
         <input_file_ref idref="fl-1b"/>
      </object_component>
      <object_component id="oc-7d">
         <name>.const:.string</name>
         <load_address>0x72f4</load_address>
         <run_address>0x72f4</run_address>
         <size>0x4</size>
         <input_file_ref idref="fl-21"/>
      </object_component>
      <object_component id="oc-74">
         <name>.const</name>
         <load_address>0x72f8</load_address>
         <run_address>0x72f8</run_address>
         <size>0x4</size>
         <input_file_ref idref="fl-1f"/>
      </object_component>
      <object_component id="oc-eb">
         <name>.sysmem</name>
         <uninitialized>true</uninitialized>
         <run_address>0x30c0</run_address>
         <size>0x0</size>
         <input_file_ref idref="fl-3a"/>
      </object_component>
      <object_component id="oc-111">
         <name>.sysmem</name>
         <uninitialized>true</uninitialized>
         <run_address>0x30c0</run_address>
         <size>0x0</size>
      </object_component>
      <object_component id="oc-2b">
         <name>.cinit</name>
         <load_address>0x40000</load_address>
         <run_address>0x40000</run_address>
         <size>0xa0c</size>
         <input_file_ref idref="fl-6"/>
      </object_component>
      <object_component id="oc-93">
         <name>.cinit</name>
         <load_address>0x40a0c</load_address>
         <run_address>0x40a0c</run_address>
         <size>0x5a</size>
         <input_file_ref idref="fl-26"/>
      </object_component>
      <object_component id="oc-60">
         <name>.cinit</name>
         <load_address>0x40a66</load_address>
         <run_address>0x40a66</run_address>
         <size>0x54</size>
         <input_file_ref idref="fl-1a"/>
      </object_component>
      <object_component id="oc-14">
         <name>.cinit</name>
         <load_address>0x40aba</load_address>
         <run_address>0x40aba</run_address>
         <size>0x30</size>
         <input_file_ref idref="fl-2"/>
      </object_component>
      <object_component id="oc-43">
         <name>.cinit</name>
         <load_address>0x40aea</load_address>
         <run_address>0x40aea</run_address>
         <size>0x14</size>
         <input_file_ref idref="fl-13"/>
      </object_component>
      <object_component id="oc-34">
         <name>.cinit</name>
         <load_address>0x40afe</load_address>
         <run_address>0x40afe</run_address>
         <size>0x14</size>
         <input_file_ref idref="fl-10"/>
      </object_component>
      <object_component id="oc-25">
         <name>.cinit</name>
         <load_address>0x40b12</load_address>
         <run_address>0x40b12</run_address>
         <size>0x10</size>
         <input_file_ref idref="fl-5"/>
      </object_component>
      <object_component id="oc-e4">
         <name>.cinit</name>
         <load_address>0x40b22</load_address>
         <run_address>0x40b22</run_address>
         <size>0x8</size>
         <input_file_ref idref="fl-39"/>
      </object_component>
      <object_component id="oc-ea">
         <name>.cinit</name>
         <load_address>0x40b2a</load_address>
         <run_address>0x40b2a</run_address>
         <size>0x8</size>
         <input_file_ref idref="fl-3a"/>
      </object_component>
      <object_component id="oc-bd">
         <name>.cio</name>
         <uninitialized>true</uninitialized>
         <run_address>0x40b38</run_address>
         <size>0x240</size>
         <input_file_ref idref="fl-30"/>
      </object_component>
      <object_component id="oc-11">
         <name>vectors</name>
         <load_address>0x4fe00</load_address>
         <run_address>0x4fe00</run_address>
         <size>0x100</size>
         <input_file_ref idref="fl-12"/>
      </object_component>
      <object_component id="oc-13">
         <name>.debug_info</name>
         <load_address>0x0</load_address>
         <run_address>0x0</run_address>
         <size>0x4b9</size>
         <input_file_ref idref="fl-2"/>
      </object_component>
      <object_component id="oc-17">
         <name>.debug_info</name>
         <load_address>0x4b9</load_address>
         <run_address>0x4b9</run_address>
         <size>0x88d</size>
         <input_file_ref idref="fl-3"/>
      </object_component>
      <object_component id="oc-1d">
         <name>.debug_info</name>
         <load_address>0xd46</load_address>
         <run_address>0xd46</run_address>
         <size>0x6ab</size>
         <input_file_ref idref="fl-4"/>
      </object_component>
      <object_component id="oc-24">
         <name>.debug_info</name>
         <load_address>0x13f1</load_address>
         <run_address>0x13f1</run_address>
         <size>0xd10</size>
         <input_file_ref idref="fl-5"/>
      </object_component>
      <object_component id="oc-2a">
         <name>.debug_info</name>
         <load_address>0x2101</load_address>
         <run_address>0x2101</run_address>
         <size>0x4d9</size>
         <input_file_ref idref="fl-6"/>
      </object_component>
      <object_component id="oc-2e">
         <name>.debug_info</name>
         <load_address>0x25da</load_address>
         <run_address>0x25da</run_address>
         <size>0xe8</size>
         <input_file_ref idref="fl-f"/>
      </object_component>
      <object_component id="oc-33">
         <name>.debug_info</name>
         <load_address>0x26c2</load_address>
         <run_address>0x26c2</run_address>
         <size>0x5fb</size>
         <input_file_ref idref="fl-10"/>
      </object_component>
      <object_component id="oc-39">
         <name>.debug_info</name>
         <load_address>0x2cbd</load_address>
         <run_address>0x2cbd</run_address>
         <size>0x76c</size>
         <input_file_ref idref="fl-11"/>
      </object_component>
      <object_component id="oc-3d">
         <name>.debug_info</name>
         <load_address>0x3429</load_address>
         <run_address>0x3429</run_address>
         <size>0xbc</size>
         <input_file_ref idref="fl-12"/>
      </object_component>
      <object_component id="oc-42">
         <name>.debug_info</name>
         <load_address>0x34e5</load_address>
         <run_address>0x34e5</run_address>
         <size>0x5bc</size>
         <input_file_ref idref="fl-13"/>
      </object_component>
      <object_component id="oc-47">
         <name>.debug_info</name>
         <load_address>0x3aa1</load_address>
         <run_address>0x3aa1</run_address>
         <size>0x27bd</size>
         <input_file_ref idref="fl-14"/>
      </object_component>
      <object_component id="oc-4d">
         <name>.debug_info</name>
         <load_address>0x625e</load_address>
         <run_address>0x625e</run_address>
         <size>0x586</size>
         <input_file_ref idref="fl-15"/>
      </object_component>
      <object_component id="oc-51">
         <name>.debug_info</name>
         <load_address>0x67e4</load_address>
         <run_address>0x67e4</run_address>
         <size>0x5a4</size>
         <input_file_ref idref="fl-16"/>
      </object_component>
      <object_component id="oc-55">
         <name>.debug_info</name>
         <load_address>0x6d88</load_address>
         <run_address>0x6d88</run_address>
         <size>0xcd</size>
         <input_file_ref idref="fl-17"/>
      </object_component>
      <object_component id="oc-59">
         <name>.debug_info</name>
         <load_address>0x6e55</load_address>
         <run_address>0x6e55</run_address>
         <size>0x81f</size>
         <input_file_ref idref="fl-18"/>
      </object_component>
      <object_component id="oc-5c">
         <name>.debug_info</name>
         <load_address>0x7674</load_address>
         <run_address>0x7674</run_address>
         <size>0x498</size>
         <input_file_ref idref="fl-19"/>
      </object_component>
      <object_component id="oc-5f">
         <name>.debug_info</name>
         <load_address>0x7b0c</load_address>
         <run_address>0x7b0c</run_address>
         <size>0x57e</size>
         <input_file_ref idref="fl-1a"/>
      </object_component>
      <object_component id="oc-63">
         <name>.debug_info</name>
         <load_address>0x808a</load_address>
         <run_address>0x808a</run_address>
         <size>0x7e8</size>
         <input_file_ref idref="fl-1b"/>
      </object_component>
      <object_component id="oc-67">
         <name>.debug_info</name>
         <load_address>0x8872</load_address>
         <run_address>0x8872</run_address>
         <size>0x534</size>
         <input_file_ref idref="fl-1c"/>
      </object_component>
      <object_component id="oc-6b">
         <name>.debug_info</name>
         <load_address>0x8da6</load_address>
         <run_address>0x8da6</run_address>
         <size>0x4cf</size>
         <input_file_ref idref="fl-1d"/>
      </object_component>
      <object_component id="oc-6f">
         <name>.debug_info</name>
         <load_address>0x9275</load_address>
         <run_address>0x9275</run_address>
         <size>0x534</size>
         <input_file_ref idref="fl-1e"/>
      </object_component>
      <object_component id="oc-73">
         <name>.debug_info</name>
         <load_address>0x97a9</load_address>
         <run_address>0x97a9</run_address>
         <size>0x549</size>
         <input_file_ref idref="fl-1f"/>
      </object_component>
      <object_component id="oc-78">
         <name>.debug_info</name>
         <load_address>0x9cf2</load_address>
         <run_address>0x9cf2</run_address>
         <size>0x6aa</size>
         <input_file_ref idref="fl-20"/>
      </object_component>
      <object_component id="oc-7c">
         <name>.debug_info</name>
         <load_address>0xa39c</load_address>
         <run_address>0xa39c</run_address>
         <size>0x942</size>
         <input_file_ref idref="fl-21"/>
      </object_component>
      <object_component id="oc-81">
         <name>.debug_info</name>
         <load_address>0xacde</load_address>
         <run_address>0xacde</run_address>
         <size>0x53e</size>
         <input_file_ref idref="fl-22"/>
      </object_component>
      <object_component id="oc-85">
         <name>.debug_info</name>
         <load_address>0xb21c</load_address>
         <run_address>0xb21c</run_address>
         <size>0x680</size>
         <input_file_ref idref="fl-23"/>
      </object_component>
      <object_component id="oc-89">
         <name>.debug_info</name>
         <load_address>0xb89c</load_address>
         <run_address>0xb89c</run_address>
         <size>0x7d4</size>
         <input_file_ref idref="fl-24"/>
      </object_component>
      <object_component id="oc-8d">
         <name>.debug_info</name>
         <load_address>0xc070</load_address>
         <run_address>0xc070</run_address>
         <size>0xbd</size>
         <input_file_ref idref="fl-25"/>
      </object_component>
      <object_component id="oc-92">
         <name>.debug_info</name>
         <load_address>0xc12d</load_address>
         <run_address>0xc12d</run_address>
         <size>0x144b</size>
         <input_file_ref idref="fl-26"/>
      </object_component>
      <object_component id="oc-97">
         <name>.debug_info</name>
         <load_address>0xd578</load_address>
         <run_address>0xd578</run_address>
         <size>0x5ad</size>
         <input_file_ref idref="fl-27"/>
      </object_component>
      <object_component id="oc-9b">
         <name>.debug_info</name>
         <load_address>0xdb25</load_address>
         <run_address>0xdb25</run_address>
         <size>0x574</size>
         <input_file_ref idref="fl-28"/>
      </object_component>
      <object_component id="oc-9f">
         <name>.debug_info</name>
         <load_address>0xe099</load_address>
         <run_address>0xe099</run_address>
         <size>0xd1</size>
         <input_file_ref idref="fl-29"/>
      </object_component>
      <object_component id="oc-a3">
         <name>.debug_info</name>
         <load_address>0xe16a</load_address>
         <run_address>0xe16a</run_address>
         <size>0x55b</size>
         <input_file_ref idref="fl-2a"/>
      </object_component>
      <object_component id="oc-a7">
         <name>.debug_info</name>
         <load_address>0xe6c5</load_address>
         <run_address>0xe6c5</run_address>
         <size>0x4b7</size>
         <input_file_ref idref="fl-2b"/>
      </object_component>
      <object_component id="oc-ab">
         <name>.debug_info</name>
         <load_address>0xeb7c</load_address>
         <run_address>0xeb7c</run_address>
         <size>0x4f2</size>
         <input_file_ref idref="fl-2c"/>
      </object_component>
      <object_component id="oc-af">
         <name>.debug_info</name>
         <load_address>0xf06e</load_address>
         <run_address>0xf06e</run_address>
         <size>0x534</size>
         <input_file_ref idref="fl-2d"/>
      </object_component>
      <object_component id="oc-b3">
         <name>.debug_info</name>
         <load_address>0xf5a2</load_address>
         <run_address>0xf5a2</run_address>
         <size>0x4de</size>
         <input_file_ref idref="fl-2e"/>
      </object_component>
      <object_component id="oc-b8">
         <name>.debug_info</name>
         <load_address>0xfa80</load_address>
         <run_address>0xfa80</run_address>
         <size>0xed4</size>
         <input_file_ref idref="fl-2f"/>
      </object_component>
      <object_component id="oc-bc">
         <name>.debug_info</name>
         <load_address>0x10954</load_address>
         <run_address>0x10954</run_address>
         <size>0x744</size>
         <input_file_ref idref="fl-30"/>
      </object_component>
      <object_component id="oc-c2">
         <name>.debug_info</name>
         <load_address>0x11098</load_address>
         <run_address>0x11098</run_address>
         <size>0xef</size>
         <input_file_ref idref="fl-31"/>
      </object_component>
      <object_component id="oc-c6">
         <name>.debug_info</name>
         <load_address>0x11187</load_address>
         <run_address>0x11187</run_address>
         <size>0x662</size>
         <input_file_ref idref="fl-32"/>
      </object_component>
      <object_component id="oc-ca">
         <name>.debug_info</name>
         <load_address>0x117e9</load_address>
         <run_address>0x117e9</run_address>
         <size>0x5ab</size>
         <input_file_ref idref="fl-33"/>
      </object_component>
      <object_component id="oc-ce">
         <name>.debug_info</name>
         <load_address>0x11d94</load_address>
         <run_address>0x11d94</run_address>
         <size>0x4f2</size>
         <input_file_ref idref="fl-34"/>
      </object_component>
      <object_component id="oc-d2">
         <name>.debug_info</name>
         <load_address>0x12286</load_address>
         <run_address>0x12286</run_address>
         <size>0x706</size>
         <input_file_ref idref="fl-35"/>
      </object_component>
      <object_component id="oc-d6">
         <name>.debug_info</name>
         <load_address>0x1298c</load_address>
         <run_address>0x1298c</run_address>
         <size>0x4d2</size>
         <input_file_ref idref="fl-36"/>
      </object_component>
      <object_component id="oc-da">
         <name>.debug_info</name>
         <load_address>0x12e5e</load_address>
         <run_address>0x12e5e</run_address>
         <size>0x5f7</size>
         <input_file_ref idref="fl-37"/>
      </object_component>
      <object_component id="oc-de">
         <name>.debug_info</name>
         <load_address>0x13455</load_address>
         <run_address>0x13455</run_address>
         <size>0x64a</size>
         <input_file_ref idref="fl-38"/>
      </object_component>
      <object_component id="oc-e3">
         <name>.debug_info</name>
         <load_address>0x13a9f</load_address>
         <run_address>0x13a9f</run_address>
         <size>0xa1c</size>
         <input_file_ref idref="fl-39"/>
      </object_component>
      <object_component id="oc-e9">
         <name>.debug_info</name>
         <load_address>0x144bb</load_address>
         <run_address>0x144bb</run_address>
         <size>0xb97</size>
         <input_file_ref idref="fl-3a"/>
      </object_component>
      <object_component id="oc-ef">
         <name>.debug_info</name>
         <load_address>0x15052</load_address>
         <run_address>0x15052</run_address>
         <size>0x64f</size>
         <input_file_ref idref="fl-3b"/>
      </object_component>
      <object_component id="oc-f3">
         <name>.debug_info</name>
         <load_address>0x156a1</load_address>
         <run_address>0x156a1</run_address>
         <size>0x510</size>
         <input_file_ref idref="fl-3c"/>
      </object_component>
      <object_component id="oc-11a">
         <name>.debug_info</name>
         <load_address>0x15bb1</load_address>
         <run_address>0x15bb1</run_address>
         <size>0x6e</size>
      </object_component>
      <object_component id="oc-15">
         <name>.debug_abbrev</name>
         <load_address>0x0</load_address>
         <run_address>0x0</run_address>
         <size>0x63</size>
         <input_file_ref idref="fl-2"/>
      </object_component>
      <object_component id="oc-1a">
         <name>.debug_abbrev</name>
         <load_address>0x63</load_address>
         <run_address>0x63</run_address>
         <size>0xcf</size>
         <input_file_ref idref="fl-3"/>
      </object_component>
      <object_component id="oc-21">
         <name>.debug_abbrev</name>
         <load_address>0x132</load_address>
         <run_address>0x132</run_address>
         <size>0x116</size>
         <input_file_ref idref="fl-4"/>
      </object_component>
      <object_component id="oc-28">
         <name>.debug_abbrev</name>
         <load_address>0x248</load_address>
         <run_address>0x248</run_address>
         <size>0x10d</size>
         <input_file_ref idref="fl-5"/>
      </object_component>
      <object_component id="oc-2c">
         <name>.debug_abbrev</name>
         <load_address>0x355</load_address>
         <run_address>0x355</run_address>
         <size>0x6a</size>
         <input_file_ref idref="fl-6"/>
      </object_component>
      <object_component id="oc-30">
         <name>.debug_abbrev</name>
         <load_address>0x3bf</load_address>
         <run_address>0x3bf</run_address>
         <size>0x3a</size>
         <input_file_ref idref="fl-f"/>
      </object_component>
      <object_component id="oc-37">
         <name>.debug_abbrev</name>
         <load_address>0x3f9</load_address>
         <run_address>0x3f9</run_address>
         <size>0xf7</size>
         <input_file_ref idref="fl-10"/>
      </object_component>
      <object_component id="oc-3b">
         <name>.debug_abbrev</name>
         <load_address>0x4f0</load_address>
         <run_address>0x4f0</run_address>
         <size>0x145</size>
         <input_file_ref idref="fl-11"/>
      </object_component>
      <object_component id="oc-3f">
         <name>.debug_abbrev</name>
         <load_address>0x635</load_address>
         <run_address>0x635</run_address>
         <size>0x26</size>
         <input_file_ref idref="fl-12"/>
      </object_component>
      <object_component id="oc-45">
         <name>.debug_abbrev</name>
         <load_address>0x65b</load_address>
         <run_address>0x65b</run_address>
         <size>0x9f</size>
         <input_file_ref idref="fl-13"/>
      </object_component>
      <object_component id="oc-4b">
         <name>.debug_abbrev</name>
         <load_address>0x6fa</load_address>
         <run_address>0x6fa</run_address>
         <size>0x1f8</size>
         <input_file_ref idref="fl-14"/>
      </object_component>
      <object_component id="oc-4f">
         <name>.debug_abbrev</name>
         <load_address>0x8f2</load_address>
         <run_address>0x8f2</run_address>
         <size>0xec</size>
         <input_file_ref idref="fl-15"/>
      </object_component>
      <object_component id="oc-53">
         <name>.debug_abbrev</name>
         <load_address>0x9de</load_address>
         <run_address>0x9de</run_address>
         <size>0xd5</size>
         <input_file_ref idref="fl-16"/>
      </object_component>
      <object_component id="oc-57">
         <name>.debug_abbrev</name>
         <load_address>0xab3</load_address>
         <run_address>0xab3</run_address>
         <size>0x44</size>
         <input_file_ref idref="fl-17"/>
      </object_component>
      <object_component id="oc-5b">
         <name>.debug_abbrev</name>
         <load_address>0xaf7</load_address>
         <run_address>0xaf7</run_address>
         <size>0xb7</size>
         <input_file_ref idref="fl-18"/>
      </object_component>
      <object_component id="oc-5d">
         <name>.debug_abbrev</name>
         <load_address>0xbae</load_address>
         <run_address>0xbae</run_address>
         <size>0x68</size>
         <input_file_ref idref="fl-19"/>
      </object_component>
      <object_component id="oc-61">
         <name>.debug_abbrev</name>
         <load_address>0xc16</load_address>
         <run_address>0xc16</run_address>
         <size>0x83</size>
         <input_file_ref idref="fl-1a"/>
      </object_component>
      <object_component id="oc-65">
         <name>.debug_abbrev</name>
         <load_address>0xc99</load_address>
         <run_address>0xc99</run_address>
         <size>0x112</size>
         <input_file_ref idref="fl-1b"/>
      </object_component>
      <object_component id="oc-69">
         <name>.debug_abbrev</name>
         <load_address>0xdab</load_address>
         <run_address>0xdab</run_address>
         <size>0xb5</size>
         <input_file_ref idref="fl-1c"/>
      </object_component>
      <object_component id="oc-6d">
         <name>.debug_abbrev</name>
         <load_address>0xe60</load_address>
         <run_address>0xe60</run_address>
         <size>0x8f</size>
         <input_file_ref idref="fl-1d"/>
      </object_component>
      <object_component id="oc-71">
         <name>.debug_abbrev</name>
         <load_address>0xeef</load_address>
         <run_address>0xeef</run_address>
         <size>0xb7</size>
         <input_file_ref idref="fl-1e"/>
      </object_component>
      <object_component id="oc-76">
         <name>.debug_abbrev</name>
         <load_address>0xfa6</load_address>
         <run_address>0xfa6</run_address>
         <size>0xc2</size>
         <input_file_ref idref="fl-1f"/>
      </object_component>
      <object_component id="oc-7a">
         <name>.debug_abbrev</name>
         <load_address>0x1068</load_address>
         <run_address>0x1068</run_address>
         <size>0x103</size>
         <input_file_ref idref="fl-20"/>
      </object_component>
      <object_component id="oc-7f">
         <name>.debug_abbrev</name>
         <load_address>0x116b</load_address>
         <run_address>0x116b</run_address>
         <size>0x140</size>
         <input_file_ref idref="fl-21"/>
      </object_component>
      <object_component id="oc-83">
         <name>.debug_abbrev</name>
         <load_address>0x12ab</load_address>
         <run_address>0x12ab</run_address>
         <size>0x9a</size>
         <input_file_ref idref="fl-22"/>
      </object_component>
      <object_component id="oc-87">
         <name>.debug_abbrev</name>
         <load_address>0x1345</load_address>
         <run_address>0x1345</run_address>
         <size>0xd0</size>
         <input_file_ref idref="fl-23"/>
      </object_component>
      <object_component id="oc-8b">
         <name>.debug_abbrev</name>
         <load_address>0x1415</load_address>
         <run_address>0x1415</run_address>
         <size>0xb7</size>
         <input_file_ref idref="fl-24"/>
      </object_component>
      <object_component id="oc-8f">
         <name>.debug_abbrev</name>
         <load_address>0x14cc</load_address>
         <run_address>0x14cc</run_address>
         <size>0x38</size>
         <input_file_ref idref="fl-25"/>
      </object_component>
      <object_component id="oc-95">
         <name>.debug_abbrev</name>
         <load_address>0x1504</load_address>
         <run_address>0x1504</run_address>
         <size>0x225</size>
         <input_file_ref idref="fl-26"/>
      </object_component>
      <object_component id="oc-99">
         <name>.debug_abbrev</name>
         <load_address>0x1729</load_address>
         <run_address>0x1729</run_address>
         <size>0xec</size>
         <input_file_ref idref="fl-27"/>
      </object_component>
      <object_component id="oc-9d">
         <name>.debug_abbrev</name>
         <load_address>0x1815</load_address>
         <run_address>0x1815</run_address>
         <size>0xb7</size>
         <input_file_ref idref="fl-28"/>
      </object_component>
      <object_component id="oc-a1">
         <name>.debug_abbrev</name>
         <load_address>0x18cc</load_address>
         <run_address>0x18cc</run_address>
         <size>0x38</size>
         <input_file_ref idref="fl-29"/>
      </object_component>
      <object_component id="oc-a5">
         <name>.debug_abbrev</name>
         <load_address>0x1904</load_address>
         <run_address>0x1904</run_address>
         <size>0xdc</size>
         <input_file_ref idref="fl-2a"/>
      </object_component>
      <object_component id="oc-a9">
         <name>.debug_abbrev</name>
         <load_address>0x19e0</load_address>
         <run_address>0x19e0</run_address>
         <size>0x81</size>
         <input_file_ref idref="fl-2b"/>
      </object_component>
      <object_component id="oc-ad">
         <name>.debug_abbrev</name>
         <load_address>0x1a61</load_address>
         <run_address>0x1a61</run_address>
         <size>0xa6</size>
         <input_file_ref idref="fl-2c"/>
      </object_component>
      <object_component id="oc-b1">
         <name>.debug_abbrev</name>
         <load_address>0x1b07</load_address>
         <run_address>0x1b07</run_address>
         <size>0xb5</size>
         <input_file_ref idref="fl-2d"/>
      </object_component>
      <object_component id="oc-b5">
         <name>.debug_abbrev</name>
         <load_address>0x1bbc</load_address>
         <run_address>0x1bbc</run_address>
         <size>0x8f</size>
         <input_file_ref idref="fl-2e"/>
      </object_component>
      <object_component id="oc-ba">
         <name>.debug_abbrev</name>
         <load_address>0x1c4b</load_address>
         <run_address>0x1c4b</run_address>
         <size>0x15a</size>
         <input_file_ref idref="fl-2f"/>
      </object_component>
      <object_component id="oc-c0">
         <name>.debug_abbrev</name>
         <load_address>0x1da5</load_address>
         <run_address>0x1da5</run_address>
         <size>0xde</size>
         <input_file_ref idref="fl-30"/>
      </object_component>
      <object_component id="oc-c4">
         <name>.debug_abbrev</name>
         <load_address>0x1e83</load_address>
         <run_address>0x1e83</run_address>
         <size>0x38</size>
         <input_file_ref idref="fl-31"/>
      </object_component>
      <object_component id="oc-c8">
         <name>.debug_abbrev</name>
         <load_address>0x1ebb</load_address>
         <run_address>0x1ebb</run_address>
         <size>0xd1</size>
         <input_file_ref idref="fl-32"/>
      </object_component>
      <object_component id="oc-cc">
         <name>.debug_abbrev</name>
         <load_address>0x1f8c</load_address>
         <run_address>0x1f8c</run_address>
         <size>0xd4</size>
         <input_file_ref idref="fl-33"/>
      </object_component>
      <object_component id="oc-d0">
         <name>.debug_abbrev</name>
         <load_address>0x2060</load_address>
         <run_address>0x2060</run_address>
         <size>0xa6</size>
         <input_file_ref idref="fl-34"/>
      </object_component>
      <object_component id="oc-d4">
         <name>.debug_abbrev</name>
         <load_address>0x2106</load_address>
         <run_address>0x2106</run_address>
         <size>0x136</size>
         <input_file_ref idref="fl-35"/>
      </object_component>
      <object_component id="oc-d8">
         <name>.debug_abbrev</name>
         <load_address>0x223c</load_address>
         <run_address>0x223c</run_address>
         <size>0x81</size>
         <input_file_ref idref="fl-36"/>
      </object_component>
      <object_component id="oc-dc">
         <name>.debug_abbrev</name>
         <load_address>0x22bd</load_address>
         <run_address>0x22bd</run_address>
         <size>0xd1</size>
         <input_file_ref idref="fl-37"/>
      </object_component>
      <object_component id="oc-e0">
         <name>.debug_abbrev</name>
         <load_address>0x238e</load_address>
         <run_address>0x238e</run_address>
         <size>0x10b</size>
         <input_file_ref idref="fl-38"/>
      </object_component>
      <object_component id="oc-e6">
         <name>.debug_abbrev</name>
         <load_address>0x2499</load_address>
         <run_address>0x2499</run_address>
         <size>0x1a2</size>
         <input_file_ref idref="fl-39"/>
      </object_component>
      <object_component id="oc-ed">
         <name>.debug_abbrev</name>
         <load_address>0x263b</load_address>
         <run_address>0x263b</run_address>
         <size>0x1de</size>
         <input_file_ref idref="fl-3a"/>
      </object_component>
      <object_component id="oc-f1">
         <name>.debug_abbrev</name>
         <load_address>0x2819</load_address>
         <run_address>0x2819</run_address>
         <size>0x118</size>
         <input_file_ref idref="fl-3b"/>
      </object_component>
      <object_component id="oc-f5">
         <name>.debug_abbrev</name>
         <load_address>0x2931</load_address>
         <run_address>0x2931</run_address>
         <size>0xbf</size>
         <input_file_ref idref="fl-3c"/>
      </object_component>
      <object_component id="oc-11b">
         <name>.debug_abbrev</name>
         <load_address>0x29f0</load_address>
         <run_address>0x29f0</run_address>
         <size>0xd</size>
      </object_component>
      <object_component id="oc-18">
         <name>.debug_frame</name>
         <load_address>0x0</load_address>
         <run_address>0x0</run_address>
         <size>0x102</size>
         <input_file_ref idref="fl-3"/>
      </object_component>
      <object_component id="oc-1f">
         <name>.debug_frame</name>
         <load_address>0x102</load_address>
         <run_address>0x102</run_address>
         <size>0xe8</size>
         <input_file_ref idref="fl-4"/>
      </object_component>
      <object_component id="oc-26">
         <name>.debug_frame</name>
         <load_address>0x1ea</load_address>
         <run_address>0x1ea</run_address>
         <size>0x159</size>
         <input_file_ref idref="fl-5"/>
      </object_component>
      <object_component id="oc-19">
         <name>.debug_line</name>
         <load_address>0x0</load_address>
         <run_address>0x0</run_address>
         <size>0xa3</size>
         <input_file_ref idref="fl-3"/>
      </object_component>
      <object_component id="oc-20">
         <name>.debug_line</name>
         <load_address>0xa3</load_address>
         <run_address>0xa3</run_address>
         <size>0x5c</size>
         <input_file_ref idref="fl-4"/>
      </object_component>
      <object_component id="oc-27">
         <name>.debug_line</name>
         <load_address>0xff</load_address>
         <run_address>0xff</run_address>
         <size>0x131</size>
         <input_file_ref idref="fl-5"/>
      </object_component>
      <object_component id="oc-2f">
         <name>.debug_line</name>
         <load_address>0x230</load_address>
         <run_address>0x230</run_address>
         <size>0x54</size>
         <input_file_ref idref="fl-f"/>
      </object_component>
      <object_component id="oc-36">
         <name>.debug_line</name>
         <load_address>0x284</load_address>
         <run_address>0x284</run_address>
         <size>0x51</size>
         <input_file_ref idref="fl-10"/>
      </object_component>
      <object_component id="oc-3a">
         <name>.debug_line</name>
         <load_address>0x2d5</load_address>
         <run_address>0x2d5</run_address>
         <size>0x69</size>
         <input_file_ref idref="fl-11"/>
      </object_component>
      <object_component id="oc-3e">
         <name>.debug_line</name>
         <load_address>0x33e</load_address>
         <run_address>0x33e</run_address>
         <size>0x37</size>
         <input_file_ref idref="fl-12"/>
      </object_component>
      <object_component id="oc-44">
         <name>.debug_line</name>
         <load_address>0x375</load_address>
         <run_address>0x375</run_address>
         <size>0x57</size>
         <input_file_ref idref="fl-13"/>
      </object_component>
      <object_component id="oc-4a">
         <name>.debug_line</name>
         <load_address>0x3cc</load_address>
         <run_address>0x3cc</run_address>
         <size>0x328</size>
         <input_file_ref idref="fl-14"/>
      </object_component>
      <object_component id="oc-4e">
         <name>.debug_line</name>
         <load_address>0x6f4</load_address>
         <run_address>0x6f4</run_address>
         <size>0x41</size>
         <input_file_ref idref="fl-15"/>
      </object_component>
      <object_component id="oc-52">
         <name>.debug_line</name>
         <load_address>0x735</load_address>
         <run_address>0x735</run_address>
         <size>0x46</size>
         <input_file_ref idref="fl-16"/>
      </object_component>
      <object_component id="oc-56">
         <name>.debug_line</name>
         <load_address>0x77b</load_address>
         <run_address>0x77b</run_address>
         <size>0x55</size>
         <input_file_ref idref="fl-17"/>
      </object_component>
      <object_component id="oc-5a">
         <name>.debug_line</name>
         <load_address>0x7d0</load_address>
         <run_address>0x7d0</run_address>
         <size>0xad</size>
         <input_file_ref idref="fl-18"/>
      </object_component>
      <object_component id="oc-64">
         <name>.debug_line</name>
         <load_address>0x87d</load_address>
         <run_address>0x87d</run_address>
         <size>0x5b</size>
         <input_file_ref idref="fl-1b"/>
      </object_component>
      <object_component id="oc-68">
         <name>.debug_line</name>
         <load_address>0x8d8</load_address>
         <run_address>0x8d8</run_address>
         <size>0x44</size>
         <input_file_ref idref="fl-1c"/>
      </object_component>
      <object_component id="oc-6c">
         <name>.debug_line</name>
         <load_address>0x91c</load_address>
         <run_address>0x91c</run_address>
         <size>0x3d</size>
         <input_file_ref idref="fl-1d"/>
      </object_component>
      <object_component id="oc-70">
         <name>.debug_line</name>
         <load_address>0x959</load_address>
         <run_address>0x959</run_address>
         <size>0x3d</size>
         <input_file_ref idref="fl-1e"/>
      </object_component>
      <object_component id="oc-75">
         <name>.debug_line</name>
         <load_address>0x996</load_address>
         <run_address>0x996</run_address>
         <size>0x44</size>
         <input_file_ref idref="fl-1f"/>
      </object_component>
      <object_component id="oc-79">
         <name>.debug_line</name>
         <load_address>0x9da</load_address>
         <run_address>0x9da</run_address>
         <size>0x56</size>
         <input_file_ref idref="fl-20"/>
      </object_component>
      <object_component id="oc-7e">
         <name>.debug_line</name>
         <load_address>0xa30</load_address>
         <run_address>0xa30</run_address>
         <size>0xa8</size>
         <input_file_ref idref="fl-21"/>
      </object_component>
      <object_component id="oc-82">
         <name>.debug_line</name>
         <load_address>0xad8</load_address>
         <run_address>0xad8</run_address>
         <size>0x40</size>
         <input_file_ref idref="fl-22"/>
      </object_component>
      <object_component id="oc-86">
         <name>.debug_line</name>
         <load_address>0xb18</load_address>
         <run_address>0xb18</run_address>
         <size>0x38</size>
         <input_file_ref idref="fl-23"/>
      </object_component>
      <object_component id="oc-8a">
         <name>.debug_line</name>
         <load_address>0xb50</load_address>
         <run_address>0xb50</run_address>
         <size>0xa8</size>
         <input_file_ref idref="fl-24"/>
      </object_component>
      <object_component id="oc-8e">
         <name>.debug_line</name>
         <load_address>0xbf8</load_address>
         <run_address>0xbf8</run_address>
         <size>0x3c</size>
         <input_file_ref idref="fl-25"/>
      </object_component>
      <object_component id="oc-94">
         <name>.debug_line</name>
         <load_address>0xc34</load_address>
         <run_address>0xc34</run_address>
         <size>0x1b0</size>
         <input_file_ref idref="fl-26"/>
      </object_component>
      <object_component id="oc-98">
         <name>.debug_line</name>
         <load_address>0xde4</load_address>
         <run_address>0xde4</run_address>
         <size>0x40</size>
         <input_file_ref idref="fl-27"/>
      </object_component>
      <object_component id="oc-9c">
         <name>.debug_line</name>
         <load_address>0xe24</load_address>
         <run_address>0xe24</run_address>
         <size>0x3c</size>
         <input_file_ref idref="fl-28"/>
      </object_component>
      <object_component id="oc-a0">
         <name>.debug_line</name>
         <load_address>0xe60</load_address>
         <run_address>0xe60</run_address>
         <size>0x4d</size>
         <input_file_ref idref="fl-29"/>
      </object_component>
      <object_component id="oc-a4">
         <name>.debug_line</name>
         <load_address>0xead</load_address>
         <run_address>0xead</run_address>
         <size>0x3c</size>
         <input_file_ref idref="fl-2a"/>
      </object_component>
      <object_component id="oc-a8">
         <name>.debug_line</name>
         <load_address>0xee9</load_address>
         <run_address>0xee9</run_address>
         <size>0x37</size>
         <input_file_ref idref="fl-2b"/>
      </object_component>
      <object_component id="oc-ac">
         <name>.debug_line</name>
         <load_address>0xf20</load_address>
         <run_address>0xf20</run_address>
         <size>0x3c</size>
         <input_file_ref idref="fl-2c"/>
      </object_component>
      <object_component id="oc-b0">
         <name>.debug_line</name>
         <load_address>0xf5c</load_address>
         <run_address>0xf5c</run_address>
         <size>0x44</size>
         <input_file_ref idref="fl-2d"/>
      </object_component>
      <object_component id="oc-b4">
         <name>.debug_line</name>
         <load_address>0xfa0</load_address>
         <run_address>0xfa0</run_address>
         <size>0x37</size>
         <input_file_ref idref="fl-2e"/>
      </object_component>
      <object_component id="oc-b9">
         <name>.debug_line</name>
         <load_address>0xfd7</load_address>
         <run_address>0xfd7</run_address>
         <size>0x15d</size>
         <input_file_ref idref="fl-2f"/>
      </object_component>
      <object_component id="oc-bf">
         <name>.debug_line</name>
         <load_address>0x1134</load_address>
         <run_address>0x1134</run_address>
         <size>0x6a</size>
         <input_file_ref idref="fl-30"/>
      </object_component>
      <object_component id="oc-c3">
         <name>.debug_line</name>
         <load_address>0x119e</load_address>
         <run_address>0x119e</run_address>
         <size>0x58</size>
         <input_file_ref idref="fl-31"/>
      </object_component>
      <object_component id="oc-c7">
         <name>.debug_line</name>
         <load_address>0x11f6</load_address>
         <run_address>0x11f6</run_address>
         <size>0x57</size>
         <input_file_ref idref="fl-32"/>
      </object_component>
      <object_component id="oc-cb">
         <name>.debug_line</name>
         <load_address>0x124d</load_address>
         <run_address>0x124d</run_address>
         <size>0x5c</size>
         <input_file_ref idref="fl-33"/>
      </object_component>
      <object_component id="oc-cf">
         <name>.debug_line</name>
         <load_address>0x12a9</load_address>
         <run_address>0x12a9</run_address>
         <size>0x3c</size>
         <input_file_ref idref="fl-34"/>
      </object_component>
      <object_component id="oc-d3">
         <name>.debug_line</name>
         <load_address>0x12e5</load_address>
         <run_address>0x12e5</run_address>
         <size>0x5b</size>
         <input_file_ref idref="fl-35"/>
      </object_component>
      <object_component id="oc-d7">
         <name>.debug_line</name>
         <load_address>0x1340</load_address>
         <run_address>0x1340</run_address>
         <size>0x3a</size>
         <input_file_ref idref="fl-36"/>
      </object_component>
      <object_component id="oc-db">
         <name>.debug_line</name>
         <load_address>0x137a</load_address>
         <run_address>0x137a</run_address>
         <size>0x3c</size>
         <input_file_ref idref="fl-37"/>
      </object_component>
      <object_component id="oc-df">
         <name>.debug_line</name>
         <load_address>0x13b6</load_address>
         <run_address>0x13b6</run_address>
         <size>0x3f</size>
         <input_file_ref idref="fl-38"/>
      </object_component>
      <object_component id="oc-e5">
         <name>.debug_line</name>
         <load_address>0x13f5</load_address>
         <run_address>0x13f5</run_address>
         <size>0xd7</size>
         <input_file_ref idref="fl-39"/>
      </object_component>
      <object_component id="oc-ec">
         <name>.debug_line</name>
         <load_address>0x14cc</load_address>
         <run_address>0x14cc</run_address>
         <size>0x112</size>
         <input_file_ref idref="fl-3a"/>
      </object_component>
      <object_component id="oc-f0">
         <name>.debug_line</name>
         <load_address>0x15de</load_address>
         <run_address>0x15de</run_address>
         <size>0x3d</size>
         <input_file_ref idref="fl-3b"/>
      </object_component>
      <object_component id="oc-f4">
         <name>.debug_line</name>
         <load_address>0x161b</load_address>
         <run_address>0x161b</run_address>
         <size>0x39</size>
         <input_file_ref idref="fl-3c"/>
      </object_component>
   </object_component_list>
   <logical_group_list>
      <logical_group id="lg-114">
         <name>.text</name>
         <load_address>0x20000</load_address>
         <run_address>0x20000</run_address>
         <size>0x44ac</size>
         <contents>
            <object_component_ref idref="oc-46"/>
            <object_component_ref idref="oc-90"/>
            <object_component_ref idref="oc-b6"/>
            <object_component_ref idref="oc-e7"/>
            <object_component_ref idref="oc-62"/>
            <object_component_ref idref="oc-22"/>
            <object_component_ref idref="oc-e1"/>
            <object_component_ref idref="oc-88"/>
            <object_component_ref idref="oc-c9"/>
            <object_component_ref idref="oc-58"/>
            <object_component_ref idref="oc-7b"/>
            <object_component_ref idref="oc-a2"/>
            <object_component_ref idref="oc-16"/>
            <object_component_ref idref="oc-dd"/>
            <object_component_ref idref="oc-c5"/>
            <object_component_ref idref="oc-d1"/>
            <object_component_ref idref="oc-be"/>
            <object_component_ref idref="oc-77"/>
            <object_component_ref idref="oc-66"/>
            <object_component_ref idref="oc-1b"/>
            <object_component_ref idref="oc-96"/>
            <object_component_ref idref="oc-ee"/>
            <object_component_ref idref="oc-d5"/>
            <object_component_ref idref="oc-80"/>
            <object_component_ref idref="oc-ae"/>
            <object_component_ref idref="oc-6e"/>
            <object_component_ref idref="oc-bb"/>
            <object_component_ref idref="oc-d9"/>
            <object_component_ref idref="oc-72"/>
            <object_component_ref idref="oc-50"/>
            <object_component_ref idref="oc-38"/>
            <object_component_ref idref="oc-54"/>
            <object_component_ref idref="oc-4c"/>
            <object_component_ref idref="oc-aa"/>
            <object_component_ref idref="oc-cd"/>
            <object_component_ref idref="oc-9e"/>
            <object_component_ref idref="oc-31"/>
            <object_component_ref idref="oc-10"/>
            <object_component_ref idref="oc-6a"/>
            <object_component_ref idref="oc-c1"/>
            <object_component_ref idref="oc-9a"/>
            <object_component_ref idref="oc-84"/>
            <object_component_ref idref="oc-b2"/>
            <object_component_ref idref="oc-8c"/>
            <object_component_ref idref="oc-40"/>
            <object_component_ref idref="oc-a6"/>
            <object_component_ref idref="oc-f2"/>
            <object_component_ref idref="oc-35"/>
            <object_component_ref idref="oc-3c"/>
         </contents>
      </logical_group>
      <split_section id="lg-2">
         <name>.text</name>
         <contents>
            <logical_group_ref idref="lg-114"/>
         </contents>
      </split_section>
      <logical_group id="lg-3">
         <name>.stack</name>
         <run_address>0xc0</run_address>
         <size>0x2000</size>
         <contents>
            <object_component_ref idref="oc-2d"/>
            <object_component_ref idref="oc-110"/>
         </contents>
      </logical_group>
      <logical_group id="lg-4">
         <name>.sysstack</name>
         <run_address>0x20c0</run_address>
         <size>0x1000</size>
         <contents>
            <object_component_ref idref="oc-f6"/>
            <object_component_ref idref="oc-112"/>
         </contents>
      </logical_group>
      <logical_group id="lg-5">
         <name>.data</name>
         <run_address>0xc0</run_address>
         <size>0x0</size>
         <contents>
         </contents>
      </logical_group>
      <logical_group id="lg-115">
         <name>.bss.1</name>
         <run_address>0x50c0</run_address>
         <size>0x1f0e</size>
         <contents>
            <object_component_ref idref="oc-1c"/>
            <object_component_ref idref="oc-29"/>
            <object_component_ref idref="oc-5e"/>
            <object_component_ref idref="oc-b7"/>
            <object_component_ref idref="oc-e2"/>
            <object_component_ref idref="oc-91"/>
            <object_component_ref idref="oc-23"/>
            <object_component_ref idref="oc-12"/>
         </contents>
      </logical_group>
      <logical_group id="lg-116">
         <name>.bss.2</name>
         <run_address>0x6fd0</run_address>
         <size>0x1c</size>
         <contents>
            <object_component_ref idref="oc-e8"/>
            <object_component_ref idref="oc-41"/>
            <object_component_ref idref="oc-32"/>
         </contents>
      </logical_group>
      <split_section id="lg-6">
         <name>.bss</name>
         <contents>
            <logical_group_ref idref="lg-115"/>
            <logical_group_ref idref="lg-116"/>
         </contents>
      </split_section>
      <logical_group id="lg-117">
         <name>.const.1</name>
         <load_address>0x6fec</load_address>
         <run_address>0x6fec</run_address>
         <size>0x202</size>
         <contents>
            <object_component_ref idref="oc-f7"/>
         </contents>
      </logical_group>
      <logical_group id="lg-118">
         <name>.const.2</name>
         <load_address>0x71f0</load_address>
         <run_address>0x71f0</run_address>
         <size>0x92</size>
         <contents>
            <object_component_ref idref="oc-1e"/>
         </contents>
      </logical_group>
      <logical_group id="lg-119">
         <name>.const.3</name>
         <load_address>0x7284</load_address>
         <run_address>0x7284</run_address>
         <size>0x78</size>
         <contents>
            <object_component_ref idref="oc-49"/>
            <object_component_ref idref="oc-48"/>
            <object_component_ref idref="oc-f8"/>
            <object_component_ref idref="oc-7d"/>
            <object_component_ref idref="oc-74"/>
         </contents>
      </logical_group>
      <split_section id="lg-7">
         <name>.const</name>
         <contents>
            <logical_group_ref idref="lg-117"/>
            <logical_group_ref idref="lg-118"/>
            <logical_group_ref idref="lg-119"/>
         </contents>
      </split_section>
      <logical_group id="lg-8">
         <name>.sysmem</name>
         <run_address>0x30c0</run_address>
         <size>0x2000</size>
         <contents>
            <object_component_ref idref="oc-eb"/>
            <object_component_ref idref="oc-111"/>
         </contents>
      </logical_group>
      <logical_group id="lg-9">
         <name>.switch</name>
         <run_address>0x0</run_address>
         <size>0x0</size>
         <contents>
         </contents>
      </logical_group>
      <logical_group id="lg-a">
         <name>.cinit</name>
         <load_address>0x40000</load_address>
         <run_address>0x40000</run_address>
         <size>0xb34</size>
         <contents>
            <object_component_ref idref="oc-2b"/>
            <object_component_ref idref="oc-93"/>
            <object_component_ref idref="oc-60"/>
            <object_component_ref idref="oc-14"/>
            <object_component_ref idref="oc-43"/>
            <object_component_ref idref="oc-34"/>
            <object_component_ref idref="oc-25"/>
            <object_component_ref idref="oc-e4"/>
            <object_component_ref idref="oc-ea"/>
         </contents>
      </logical_group>
      <logical_group id="lg-b">
         <name>.pinit</name>
         <run_address>0x0</run_address>
         <size>0x0</size>
         <contents>
         </contents>
      </logical_group>
      <logical_group id="lg-c">
         <name>.cio</name>
         <run_address>0x40b38</run_address>
         <size>0x240</size>
         <contents>
            <object_component_ref idref="oc-bd"/>
         </contents>
      </logical_group>
      <logical_group id="lg-d">
         <name>.args</name>
         <run_address>0x0</run_address>
         <size>0x0</size>
         <contents>
         </contents>
      </logical_group>
      <logical_group id="lg-e">
         <name>vectors</name>
         <load_address>0x4fe00</load_address>
         <run_address>0x4fe00</run_address>
         <size>0x100</size>
         <contents>
            <object_component_ref idref="oc-11"/>
         </contents>
      </logical_group>
      <logical_group id="lg-f">
         <name>.ioport</name>
         <run_address>0x0</run_address>
         <size>0x0</size>
         <contents>
         </contents>
      </logical_group>
      <logical_group id="lg-107">
         <name>.debug_info</name>
         <load_address>0x0</load_address>
         <run_address>0x0</run_address>
         <size>0x15c1f</size>
         <contents>
            <object_component_ref idref="oc-13"/>
            <object_component_ref idref="oc-17"/>
            <object_component_ref idref="oc-1d"/>
            <object_component_ref idref="oc-24"/>
            <object_component_ref idref="oc-2a"/>
            <object_component_ref idref="oc-2e"/>
            <object_component_ref idref="oc-33"/>
            <object_component_ref idref="oc-39"/>
            <object_component_ref idref="oc-3d"/>
            <object_component_ref idref="oc-42"/>
            <object_component_ref idref="oc-47"/>
            <object_component_ref idref="oc-4d"/>
            <object_component_ref idref="oc-51"/>
            <object_component_ref idref="oc-55"/>
            <object_component_ref idref="oc-59"/>
[...]
         <value>0xffffffff</value>
      </symbol>
      <symbol id="sm-12">
         <name>.data</name>
         <value>0xffffffff</value>
      </symbol>
      <symbol id="sm-13">
         <name>___data__</name>
         <value>0xffffffff</value>
      </symbol>
      <symbol id="sm-14">
         <name>edata</name>
         <value>0xffffffff</value>
      </symbol>
      <symbol id="sm-15">
         <name>___edata__</name>
         <value>0xffffffff</value>
      </symbol>
      <symbol id="sm-16">
         <name>.bss</name>
         <value>0xffffffff</value>
      </symbol>
      <symbol id="sm-17">
         <name>___bss__</name>
         <value>0xffffffff</value>
      </symbol>
      <symbol id="sm-18">
         <name>end</name>
         <value>0xffffffff</value>
      </symbol>
      <symbol id="sm-19">
         <name>___end__</name>
         <value>0xffffffff</value>
      </symbol>
      <symbol id="sm-4d">
         <name>_lp_filter</name>
         <value>0x6fa4</value>
         <object_component_ref idref="oc-12"/>
      </symbol>
      <symbol id="sm-69">
         <name>_fir_basic</name>
         <value>0x2371f</value>
         <object_component_ref idref="oc-16"/>
      </symbol>
      <symbol id="sm-6a">
         <name>_fir_circular</name>
         <value>0x2379c</value>
         <object_component_ref idref="oc-16"/>
      </symbol>
      <symbol id="sm-81">
         <name>_main</name>
         <value>0x23ca5</value>
         <object_component_ref idref="oc-1b"/>
      </symbol>
      <symbol id="sm-82">
         <name>_input_buffer</name>
         <value>0x58c0</value>
         <object_component_ref idref="oc-1c"/>
      </symbol>
      <symbol id="sm-83">
         <name>_output_buffer</name>
         <value>0x50c0</value>
         <object_component_ref idref="oc-1c"/>
      </symbol>
      <symbol id="sm-b1">
         <name>_downsample</name>
         <value>0x22890</value>
         <object_component_ref idref="oc-22"/>
      </symbol>
      <symbol id="sm-b2">
         <name>_decimate</name>
         <value>0x228f0</value>
         <object_component_ref idref="oc-22"/>
      </symbol>
      <symbol id="sm-b3">
         <name>_history</name>
         <value>0x6f76</value>
         <object_component_ref idref="oc-23"/>
      </symbol>
      <symbol id="sm-b4">
         <name>_upsample</name>
         <value>0x22991</value>
         <object_component_ref idref="oc-22"/>
      </symbol>
      <symbol id="sm-b5">
         <name>_interpolate</name>
         <value>0x22a2a</value>
         <object_component_ref idref="oc-22"/>
      </symbol>
      <symbol id="sm-b6">
         <name>_resample</name>
         <value>0x22acb</value>
         <object_component_ref idref="oc-22"/>
      </symbol>
      <symbol id="sm-b7">
         <name>_j</name>
         <value>0x6fa2</value>
         <object_component_ref idref="oc-23"/>
      </symbol>
      <symbol id="sm-b8">
         <name>_i</name>
         <value>0x6fa0</value>
         <object_component_ref idref="oc-23"/>
      </symbol>
      <symbol id="sm-c2">
         <name>_signal1</name>
         <value>0x60c0</value>
         <object_component_ref idref="oc-29"/>
      </symbol>
      <symbol id="sm-c3">
         <name>_signal2</name>
         <value>0x68c0</value>
         <object_component_ref idref="oc-29"/>
      </symbol>
      <symbol id="sm-cf">
         <name>__sysstack</name>
         <value>0x20c0</value>
         <object_component_ref idref="oc-f6"/>
      </symbol>
      <symbol id="sm-d0">
         <name>_c_int00</name>
         <value>0x2438a</value>
         <object_component_ref idref="oc-10"/>
      </symbol>
      <symbol id="sm-d1">
         <name>__stack</name>
         <value>0xc0</value>
         <object_component_ref idref="oc-2d"/>
      </symbol>
      <symbol id="sm-e1">
         <name>C$$EXIT</name>
         <value>0x244a3</value>
         <object_component_ref idref="oc-35"/>
      </symbol>
      <symbol id="sm-e2">
         <name>_exit</name>
         <value>0x2434c</value>
         <object_component_ref idref="oc-31"/>
      </symbol>
      <symbol id="sm-e3">
         <name>_abort</name>
         <value>0x244a2</value>
         <object_component_ref idref="oc-35"/>
      </symbol>
      <symbol id="sm-e4">
         <name>__cleanup_ptr</name>
         <value>0x6fe4</value>
         <object_component_ref idref="oc-32"/>
      </symbol>
      <symbol id="sm-e5">
         <name>__dtors_ptr</name>
         <value>0x6fe8</value>
         <object_component_ref idref="oc-32"/>
      </symbol>
      <symbol id="sm-ef">
         <name>_printf</name>
         <value>0x24192</value>
         <object_component_ref idref="oc-38"/>
      </symbol>
      <symbol id="sm-f9">
         <name>_Reset</name>
         <value>0x4fe00</value>
         <object_component_ref idref="oc-11"/>
      </symbol>
      <symbol id="sm-107">
         <name>__unlock</name>
         <value>0x6fe0</value>
         <object_component_ref idref="oc-41"/>
      </symbol>
      <symbol id="sm-108">
         <name>__lock</name>
         <value>0x6fdc</value>
         <object_component_ref idref="oc-41"/>
      </symbol>
      <symbol id="sm-109">
         <name>__register_lock</name>
         <value>0x2447e</value>
         <object_component_ref idref="oc-40"/>
      </symbol>
      <symbol id="sm-10a">
         <name>__nop</name>
         <value>0x24486</value>
         <object_component_ref idref="oc-40"/>
      </symbol>
      <symbol id="sm-10b">
         <name>__register_unlock</name>
         <value>0x24476</value>
         <object_component_ref idref="oc-40"/>
      </symbol>
      <symbol id="sm-11d">
         <name>__printfi</name>
         <value>0x21362</value>
         <object_component_ref idref="oc-46"/>
      </symbol>
      <symbol id="sm-127">
         <name>__args_main</name>
         <value>0x2422f</value>
         <object_component_ref idref="oc-4c"/>
      </symbol>
      <symbol id="sm-128">
         <name>__TI_args_main</name>
         <value>0x1</value>
      </symbol>
      <symbol id="sm-132">
         <name>_atoi</name>
         <value>0x24136</value>
         <object_component_ref idref="oc-50"/>
      </symbol>
      <symbol id="sm-13a">
         <name>_auto_init</name>
         <value>0x241e2</value>
         <object_component_ref idref="oc-54"/>
      </symbol>
      <symbol id="sm-144">
         <name>__eqld</name>
         <value>0x233e4</value>
         <object_component_ref idref="oc-58"/>
      </symbol>
      <symbol id="sm-145">
         <name>__cmpd</name>
         <value>0x23418</value>
         <object_component_ref idref="oc-58"/>
      </symbol>
      <symbol id="sm-146">
         <name>__neqd</name>
         <value>0x23286</value>
         <object_component_ref idref="oc-58"/>
      </symbol>
      <symbol id="sm-147">
         <name>__gtrd</name>
         <value>0x2334f</value>
         <object_component_ref idref="oc-58"/>
      </symbol>
      <symbol id="sm-148">
         <name>__geqd</name>
         <value>0x2339a</value>
         <object_component_ref idref="oc-58"/>
      </symbol>
      <symbol id="sm-149">
         <name>__leqd</name>
         <value>0x23302</value>
         <object_component_ref idref="oc-58"/>
      </symbol>
      <symbol id="sm-14a">
         <name>__lssd</name>
         <value>0x232ba</value>
         <object_component_ref idref="oc-58"/>
      </symbol>
      <symbol id="sm-152">
         <name>__ctypes_</name>
         <value>0x6fec</value>
         <object_component_ref idref="oc-f7"/>
      </symbol>
      <symbol id="sm-15c">
         <name>__tmpnams</name>
         <value>0x6bb0</value>
         <object_component_ref idref="oc-5e"/>
      </symbol>
      <symbol id="sm-15d">
         <name>__ft_end</name>
         <value>0x6cf0</value>
         <object_component_ref idref="oc-5e"/>
      </symbol>
      <symbol id="sm-15e">
         <name>__ftable</name>
         <value>0x6ac0</value>
         <object_component_ref idref="oc-5e"/>
      </symbol>
      <symbol id="sm-16a">
         <name>__divd</name>
         <value>0x224c4</value>
         <object_component_ref idref="oc-62"/>
      </symbol>
      <symbol id="sm-175">
         <name>__divul</name>
         <value>0x23c04</value>
         <object_component_ref idref="oc-66"/>
      </symbol>
      <symbol id="sm-17f">
         <name>__fixdi</name>
         <value>0x243be</value>
         <object_component_ref idref="oc-6a"/>
      </symbol>
      <symbol id="sm-189">
         <name>__fixdli</name>
         <value>0x23f88</value>
         <object_component_ref idref="oc-6e"/>
      </symbol>
      <symbol id="sm-195">
         <name>__fltlid</name>
         <value>0x240cf</value>
         <object_component_ref idref="oc-72"/>
      </symbol>
      <symbol id="sm-19f">
         <name>_putchar</name>
         <value>0x23bf5</value>
         <object_component_ref idref="oc-77"/>
      </symbol>
      <symbol id="sm-1a0">
         <name>_putc</name>
         <value>0x23b5e</value>
         <object_component_ref idref="oc-77"/>
      </symbol>
      <symbol id="sm-1a1">
         <name>_fputc</name>
         <value>0x23b5e</value>
         <object_component_ref idref="oc-77"/>
      </symbol>
      <symbol id="sm-1af">
         <name>_puts</name>
         <value>0x235a5</value>
         <object_component_ref idref="oc-7b"/>
      </symbol>
      <symbol id="sm-1b0">
         <name>_fputs</name>
         <value>0x23470</value>
         <object_component_ref idref="oc-7b"/>
      </symbol>
      <symbol id="sm-1ba">
         <name>__frcmpyd_div</name>
         <value>0x23ea3</value>
         <object_component_ref idref="oc-80"/>
      </symbol>
      <symbol id="sm-1c4">
         <name>___isinf</name>
         <value>0x24435</value>
         <object_component_ref idref="oc-84"/>
      </symbol>
      <symbol id="sm-1ce">
         <name>__divull</name>
         <value>0x22f03</value>
         <object_component_ref idref="oc-88"/>
      </symbol>
      <symbol id="sm-1cf">
         <name>__mpylli</name>
         <value>0x22e4b</value>
         <object_component_ref idref="oc-88"/>
      </symbol>
      <symbol id="sm-1d0">
         <name>__remlli</name>
         <value>0x22e1c</value>
         <object_component_ref idref="oc-88"/>
      </symbol>
      <symbol id="sm-1d1">
         <name>__divlli</name>
         <value>0x22ff7</value>
         <object_component_ref idref="oc-88"/>
      </symbol>
      <symbol id="sm-1d2">
         <name>__remull</name>
         <value>0x22dce</value>
         <object_component_ref idref="oc-88"/>
      </symbol>
      <symbol id="sm-1da">
         <name>__mpyli</name>
         <value>0x24463</value>
         <object_component_ref idref="oc-8c"/>
      </symbol>
      <symbol id="sm-1db">
         <name>I$$LMPY</name>
         <value>0x24463</value>
         <object_component_ref idref="oc-8c"/>
      </symbol>
      <symbol id="sm-1ed">
         <name>_add_device</name>
         <value>0x219f7</value>
         <object_component_ref idref="oc-90"/>
      </symbol>
      <symbol id="sm-1ee">
         <name>_rename</name>
         <value>0x21719</value>
         <object_component_ref idref="oc-90"/>
      </symbol>
      <symbol id="sm-1ef">
         <name>_read</name>
         <value>0x217a8</value>
         <object_component_ref idref="oc-90"/>
      </symbol>
      <symbol id="sm-1f0">
         <name>_unlink</name>
         <value>0x216e6</value>
         <object_component_ref idref="oc-90"/>
      </symbol>
      <symbol id="sm-1f1">
         <name>_remove_device</name>
         <value>0x21772</value>
         <object_component_ref idref="oc-90"/>
      </symbol>
      <symbol id="sm-1f2">
         <name>_open</name>
         <value>0x21856</value>
         <object_component_ref idref="oc-90"/>
      </symbol>
      <symbol id="sm-1f3">
         <name>_find_registered_device</name>
         <value>0x2197b</value>
         <object_component_ref idref="oc-90"/>
      </symbol>
      <symbol id="sm-1f4">
         <name>_lseek</name>
         <value>0x21915</value>
         <object_component_ref idref="oc-90"/>
      </symbol>
      <symbol id="sm-1f5">
         <name>_close</name>
         <value>0x21984</value>
         <object_component_ref idref="oc-90"/>
      </symbol>
      <symbol id="sm-1f6">
         <name>_write</name>
         <value>0x215a4</value>
         <object_component_ref idref="oc-90"/>
      </symbol>
      <symbol id="sm-200">
         <name>_ltoa</name>
         <value>0x23d35</value>
         <object_component_ref idref="oc-96"/>
      </symbol>
      <symbol id="sm-20b">
         <name>_memccpy</name>
         <value>0x24412</value>
         <object_component_ref idref="oc-9a"/>
      </symbol>
      <symbol id="sm-213">
         <name>_memcpy</name>
         <value>0x2430d</value>
         <object_component_ref idref="oc-9e"/>
      </symbol>
      <symbol id="sm-21d">
         <name>__mpyd</name>
         <value>0x235d3</value>
         <object_component_ref idref="oc-a2"/>
      </symbol>
      <symbol id="sm-227">
         <name>__negd</name>
         <value>0x24488</value>
         <object_component_ref idref="oc-a6"/>
      </symbol>
      <symbol id="sm-231">
         <name>__remli</name>
         <value>0x2427a</value>
         <object_component_ref idref="oc-aa"/>
      </symbol>
      <symbol id="sm-23c">
         <name>__remul</name>
         <value>0x23f16</value>
         <object_component_ref idref="oc-ae"/>
      </symbol>
      <symbol id="sm-246">
         <name>__subd</name>
         <value>0x2444f</value>
         <object_component_ref idref="oc-b2"/>
      </symbol>
      <symbol id="sm-252">
         <name>_HOSTopen</name>
         <value>0x21df2</value>
         <object_component_ref idref="oc-b6"/>
      </symbol>
      <symbol id="sm-253">
         <name>_HOSTread</name>
         <value>0x21d65</value>
         <object_component_ref idref="oc-b6"/>
      </symbol>
      <symbol id="sm-254">
         <name>_HOSTtime</name>
         <value>0x21c59</value>
         <object_component_ref idref="oc-b6"/>
      </symbol>
      <symbol id="sm-255">
         <name>_getenv</name>
         <value>0x21ae7</value>
         <object_component_ref idref="oc-b6"/>
      </symbol>
      <symbol id="sm-256">
         <name>_HOSTrename</name>
         <value>0x21cb7</value>
         <object_component_ref idref="oc-b6"/>
      </symbol>
      <symbol id="sm-257">
         <name>_HOSTclock</name>
         <value>0x21fb1</value>
         <object_component_ref idref="oc-b6"/>
      </symbol>
      <symbol id="sm-258">
         <name>_HOSTwrite</name>
         <value>0x21b62</value>
         <object_component_ref idref="oc-b6"/>
      </symbol>
      <symbol id="sm-259">
         <name>_HOSTlseek</name>
         <value>0x21e91</value>
         <object_component_ref idref="oc-b6"/>
      </symbol>
      <symbol id="sm-25a">
         <name>_HOSTunlink</name>
         <value>0x21bef</value>
         <object_component_ref idref="oc-b6"/>
      </symbol>
      <symbol id="sm-25b">
         <name>_HOSTclose</name>
         <value>0x21f46</value>
         <object_component_ref idref="oc-b6"/>
      </symbol>
      <symbol id="sm-26d">
         <name>C$$IO$$</name>
         <value>0x23b59</value>
         <object_component_ref idref="oc-be"/>
      </symbol>
      <symbol id="sm-26e">
         <name>__CIOBUF_</name>
         <value>0x40b38</value>
         <object_component_ref idref="oc-bd"/>
      </symbol>
      <symbol id="sm-26f">
         <name>_readmsg</name>
         <value>0x23ff7</value>
         <object_component_ref idref="oc-bb"/>
      </symbol>
      <symbol id="sm-270">
         <name>_writemsg</name>
         <value>0x23aa4</value>
         <object_component_ref idref="oc-be"/>
      </symbol>
      <symbol id="sm-278">
         <name>__remu</name>
         <value>0x243fd</value>
         <object_component_ref idref="oc-c1"/>
      </symbol>
      <symbol id="sm-279">
         <name>__divu</name>
         <value>0x243e8</value>
         <object_component_ref idref="oc-c1"/>
      </symbol>
      <symbol id="sm-27a">
         <name>I$$UMOD</name>
         <value>0x243fd</value>
         <object_component_ref idref="oc-c1"/>
      </symbol>
      <symbol id="sm-27b">
         <name>I$$UDIV</name>
         <value>0x243e8</value>
         <object_component_ref idref="oc-c1"/>
      </symbol>
      <symbol id="sm-285">
         <name>__rd_ok</name>
         <value>0x23985</value>
         <object_component_ref idref="oc-c5"/>
      </symbol>
      <symbol id="sm-286">
         <name>__wrt_ok</name>
         <value>0x23905</value>
         <object_component_ref idref="oc-c5"/>
      </symbol>
      <symbol id="sm-290">
         <name>__addd</name>
         <value>0x2302c</value>
         <object_component_ref idref="oc-c9"/>
      </symbol>
      <symbol id="sm-29a">
         <name>__divli</name>
         <value>0x242c5</value>
         <object_component_ref idref="oc-cd"/>
      </symbol>
      <symbol id="sm-2a4">
         <name>__doflush</name>
         <value>0x239e2</value>
         <object_component_ref idref="oc-d1"/>
      </symbol>
      <symbol id="sm-2a5">
         <name>_fflush</name>
         <value>0x23a4b</value>
         <object_component_ref idref="oc-d1"/>
      </symbol>
      <symbol id="sm-2af">
         <name>__frcmpyd</name>
         <value>0x23e2d</value>
         <object_component_ref idref="oc-d5"/>
      </symbol>
      <symbol id="sm-2b9">
         <name>_fseek</name>
         <value>0x24064</value>
         <object_component_ref idref="oc-d9"/>
      </symbol>
      <symbol id="sm-2c3">
         <name>_setvbuf</name>
         <value>0x2381f</value>
         <object_component_ref idref="oc-dd"/>
      </symbol>
      <symbol id="sm-2d2">
         <name>__cleanup</name>
         <value>0x22c70</value>
         <object_component_ref idref="oc-e1"/>
      </symbol>
      <symbol id="sm-2d3">
         <name>_fopen</name>
         <value>0x22d93</value>
         <object_component_ref idref="oc-e1"/>
      </symbol>
      <symbol id="sm-2d4">
         <name>_freopen</name>
         <value>0x22cca</value>
         <object_component_ref idref="oc-e1"/>
      </symbol>
      <symbol id="sm-2e4">
         <name>__sys_memory</name>
         <value>0x30c0</value>
         <object_component_ref idref="oc-eb"/>
      </symbol>
      <symbol id="sm-2e5">
         <name>_chkheap</name>
         <value>0x22496</value>
         <object_component_ref idref="oc-e7"/>
      </symbol>
      <symbol id="sm-2e6">
         <name>_realloc</name>
         <value>0x22235</value>
         <object_component_ref idref="oc-e7"/>
      </symbol>
      <symbol id="sm-2e7">
         <name>_free_memory</name>
         <value>0x22440</value>
         <object_component_ref idref="oc-e7"/>
      </symbol>
      <symbol id="sm-2e8">
         <name>_max_free</name>
         <value>0x223e6</value>
         <object_component_ref idref="oc-e7"/>
      </symbol>
      <symbol id="sm-2e9">
         <name>_free</name>
         <value>0x2200f</value>
         <object_component_ref idref="oc-e7"/>
      </symbol>
      <symbol id="sm-2ea">
         <name>_calloc</name>
         <value>0x2249e</value>
         <object_component_ref idref="oc-e7"/>
      </symbol>
      <symbol id="sm-2eb">
         <name>_malloc</name>
         <value>0x22140</value>
         <object_component_ref idref="oc-e7"/>
      </symbol>
      <symbol id="sm-2ec">
         <name>_minit</name>
         <value>0x220db</value>
         <object_component_ref idref="oc-e7"/>
      </symbol>
      <symbol id="sm-2f6">
         <name>_fclose</name>
         <value>0x23db2</value>
         <object_component_ref idref="oc-ee"/>
      </symbol>
      <symbol id="sm-300">
         <name>_remove</name>
         <value>0x24498</value>
         <object_component_ref idref="oc-f2"/>
      </symbol>
   </symbol_table>
</link_info>
