******************************************************************************
              TMS320C55x Linker PC v4.4.1                      
******************************************************************************
>> Linked Thu Mar 08 10:09:50 2018

OUTPUT FILE NAME:   <Zadatak1.out>
ENTRY POINT SYMBOL: "_c_int00"  address: 0002438a


MEMORY CONFIGURATION

         name            origin    length      used     unused   attr    fill
                        (bytes)   (bytes)    (bytes)   (bytes)
----------------------  --------  ---------  --------  --------  ----  --------
PAGE 0:
  MMR                   00000000   000000c0  00000000  000000c0  RWIX
  DARAM0                000000c0   0000ff40  00007236  00008d0a  RWIX
  SARAM0                00010000   00010000  00000000  00010000  RWIX
  SARAM1                00020000   00020000  000044ac  0001bb54  RWIX
  SARAM2                00040000   0000fe00  00000d74  0000f08c  RWIX
  VECS                  0004fe00   00000200  00000100  00000100  RWIX
  PDROM                 00ff8000   00008000  00000000  00008000  R IX

PAGE 2:
  IOPORT                00000000   00020000  00000000  00020000  RWI 


SECTION ALLOCATION MAP
(Addresses surrounded by []'s are displayed for convenience only!)

output                                                          attributes/
section   page  orgn(bytes) orgn(words) len(bytes) len(words)   input sections
--------  ----  ----------- ----------- ---------- ----------   --------------
.pinit       0   [ 00040000 ]  00020000          *   00000000   UNINITIALIZED

.stack       0   [ 000000c0 ]  00000060          *   00001000   UNINITIALIZED
                 [ 000000c0 ]  00000060          *   00001000   --HOLE--

.data        0   [ 000000c0 ]  00000060          *   00000000   UNINITIALIZED

.sysstack 
*            0   [ 000020c0 ]  00001060          *   00000800   UNINITIALIZED
                 [ 000020c0 ]  00001060          *   00000800   --HOLE--

.sysmem      0   [ 000030c0 ]  00001860          *   00001000   UNINITIALIZED
                 [ 000030c0 ]  00001860          *   00001000   --HOLE--

.bss.1       0   [ 000050c0 ]  00002860          *   00000f87   UNINITIALIZED
                 [ 000050c0 ]  00002860          *   00000800   main.obj (.bss)
                 [ 000060c0 ]  00003060          *   00000500   signal.obj (.bss)
                 [ 00006ac0 ]  00003560          *   00000119   rts55x.lib : defs.obj (.bss)
                 [ 00006cf2 ]  00003679          *   000000d0              : trgdrv.obj (.bss)
                 [ 00006e92 ]  00003749          *   00000001              : fopen.obj (.bss)
                 [ 00006e94 ]  0000374a          *   00000071              : lowlev.obj (.bss)
                 [ 00006f76 ]  000037bb          *   00000017   processing.obj (.bss)
                 [ 00006fa4 ]  000037d2          *   00000015   filter_coeff.obj (.bss)

.bss.2       0   [ 00006fd0 ]  000037e8          *   0000000e   UNINITIALIZED
                 [ 00006fd0 ]  000037e8          *   00000006   rts55x.lib : memory.obj (.bss)
                 [ 00006fdc ]  000037ee          *   00000004              : _lock.obj (.bss)
                 [ 00006fe4 ]  000037f2          *   00000004              : exit.obj (.bss)

.const.1     0   [ 00006fec ]  000037f6          *   00000101   
                 [ 00006fec ]  000037f6          *   00000101   rts55x.lib : ctype.obj (.const:__ctypes_)

.const.2     0   [ 000071f0 ]  000038f8          *   00000049   
                 [ 000071f0 ]  000038f8          *   00000049   main.obj (.const:.string)

.const.3     0   [ 00007284 ]  00003942          *   0000003c   
                 [ 00007284 ]  00003942          *   00000024   rts55x.lib : _printfi.obj (.const:.string)
                 [ 000072cc ]  00003966          *   0000000c              : _printfi.obj (.const)
                 [ 000072e4 ]  00003972          *   00000008              : divd.obj (.const:_initial_approx$1)
                 [ 000072f4 ]  0000397a          *   00000002              : fputs.obj (.const:.string)
                 [ 000072f8 ]  0000397c          *   00000002              : fltlid.obj (.const)

.text        0     00020000  [ 00010000 ] 000044ac          *   
                   00020000  [ 00010000 ] 000015a4          *   rts55x.lib : _printfi.obj (.text)
                   000215a4  [ 00010ad2 ] 00000543          *              : lowlev.obj (.text)
                   00021ae7  [ 00010d73+] 00000528          *              : trgdrv.obj (.text)
                   0002200f  [ 00011007+] 000004b5          *              : memory.obj (.text)
                   000224c4  [ 00011262 ] 000003cc          *              : divd.obj (.text)
                   00022890  [ 00011448 ] 000002bf          *   processing.obj (.text)
                   00022b4f  [ 000115a7+] 0000027f          *   rts55x.lib : fopen.obj (.text)
                   00022dce  [ 000116e7 ] 0000025e          *              : llmpy.obj (.text)
                   0002302c  [ 00011816 ] 0000025a          *              : addd.obj (.text)
                   00023286  [ 00011943 ] 000001ea          *              : cmpd.obj (.text)
                   00023470  [ 00011a38 ] 00000163          *              : fputs.obj (.text)
                   000235d3  [ 00011ae9+] 0000014c          *              : mpyd.obj (.text)
                   0002371f  [ 00011b8f+] 00000100          *   fir.obj (.text)
                   0002381f  [ 00011c0f+] 000000e6          *   rts55x.lib : setvbuf.obj (.text)
                   00023905  [ 00011c82+] 000000dd          *              : _io_perm.obj (.text)
                   000239e2  [ 00011cf1 ] 000000c2          *              : fflush.obj (.text)
                   00023aa4  [ 00011d52 ] 000000ba          *              : trgmsg.obj (.text:CIO_breakpoint)
                   00023b5e  [ 00011daf ] 000000a6          *              : fputc.obj (.text)
                   00023c04  [ 00011e02 ] 000000a1          *              : divul.obj (.text)
                   00023ca5  [ 00011e52+] 00000090          *   main.obj (.text)
                   00023d35  [ 00011e9a+] 0000007d          *   rts55x.lib : ltoa.obj (.text)
                   00023db2  [ 00011ed9 ] 0000007b          *              : fclose.obj (.text)
                   00023e2d  [ 00011f16+] 00000076          *              : frcmpyd.obj (.text)
                   00023ea3  [ 00011f51+] 00000073          *              : frcmpyd_div.obj (.text)
                   00023f16  [ 00011f8b ] 00000072          *              : remul.obj (.text)
                   00023f88  [ 00011fc4 ] 0000006f          *              : fixdli.obj (.text)
                   00023ff7  [ 00011ffb+] 0000006d          *              : trgmsg.obj (.text)
                   00024064  [ 00012032 ] 0000006b          *              : fseek.obj (.text)
                   000240cf  [ 00012067+] 00000067          *              : fltlid.obj (.text)
                   00024136  [ 0001209b ] 0000005c          *              : atoi.obj (.text)
                   00024192  [ 000120c9 ] 00000050          *              : printf.obj (.text)
                   000241e2  [ 000120f1 ] 0000004d          *              : autoinit.obj (.text)
                   0002422f  [ 00012117+] 0000004b          *              : args_main.obj (.text)
                   0002427a  [ 0001213d ] 0000004b          *              : remli.obj (.text)
                   000242c5  [ 00012162+] 00000048          *              : divli.obj (.text)
                   0002430d  [ 00012186+] 0000003f          *              : memcpy.obj (.text)
                   0002434c  [ 000121a6 ] 0000003e          *              : exit.obj (.text)
                   0002438a  [ 000121c5 ] 00000034          *              : boot.obj (.text)
                   000243be  [ 000121df ] 0000002a          *              : fixdi.obj (.text)
                   000243e8  [ 000121f4 ] 0000002a          *              : udiv.obj (.text)
                   00024412  [ 00012209 ] 00000023          *              : memccpy.obj (.text)
                   00024435  [ 0001221a+] 0000001a          *              : isinf.obj (.text)
                   0002444f  [ 00012227+] 00000014          *              : subd.obj (.text)
                   00024463  [ 00012231+] 00000013          *              : lmpy.obj (.text)
                   00024476  [ 0001223b ] 00000012          *              : _lock.obj (.text)
                   00024488  [ 00012244 ] 00000010          *              : negd.obj (.text)
                   00024498  [ 0001224c ] 0000000a          *              : remove.obj (.text)
                   000244a2  [ 00012251 ] 00000007          *              : exit.obj (.text:CIO_breakpoint)
                   000244a9  [ 00012254+] 00000002          *              : vectors.obj (.text)
                   000244ab  [ 00012255 ] 00000001          *   --HOLE-- [fill = 20]

.cinit       0   [ 00040000 ]  00020000          *   0000059a   
                 [ 00040000 ]  00020000          *   00000506   signal.obj (.cinit)
                 [ 00040a0c ]  00020506          *   0000002d   rts55x.lib : lowlev.obj (.cinit)
                 [ 00040a66 ]  00020533          *   0000002a              : defs.obj (.cinit)
                 [ 00040aba ]  0002055d          *   00000018   filter_coeff.obj (.cinit)
                 [ 00040aea ]  00020575          *   0000000a   rts55x.lib : _lock.obj (.cinit)
                 [ 00040afe ]  0002057f          *   0000000a              : exit.obj (.cinit)
                 [ 00040b12 ]  00020589          *   00000008   processing.obj (.cinit)
                 [ 00040b22 ]  00020591          *   00000004   rts55x.lib : fopen.obj (.cinit)
                 [ 00040b2a ]  00020595          *   00000004              : memory.obj (.cinit)
                 [ 00040b32 ]  00020599          *   00000001   --HOLE-- [fill = 0]

.cio         0   [ 00040b38 ]  0002059c          *   00000120   UNINITIALIZED
                 [ 00040b38 ]  0002059c          *   00000120   rts55x.lib : trgmsg.obj (.cio)

vectors      0     0004fe00  [ 00027f00 ] 00000100          *   
                   0004fe00  [ 00027f00 ] 00000100          *   rts55x.lib : vectors.obj (vectors)


GLOBAL SYMBOLS: SORTED ALPHABETICALLY BY Name 

abs. value/
byte addr   word addr   name
---------   ---------   ----
00000002                $TI_capability$C5500$CallingConvention
00000002                $TI_capability$C5500$MemoryModel
00000001                $TI_capability_requires_rev3
ffffffff                .bss
ffffffff                .data
ffffffff                .text
000244a3                C$$EXIT
00023b59                C$$IO$$
00024463                I$$LMPY
000243e8                I$$UDIV
000243fd                I$$UMOD
00021fb1                _HOSTclock
00021f46                _HOSTclose
00021e91                _HOSTlseek
00021df2                _HOSTopen
00021d65                _HOSTread
00021cb7                _HOSTrename
00021c59                _HOSTtime
00021bef                _HOSTunlink
00021b62                _HOSTwrite
0004fe00                _Reset
            0002059c    __CIOBUF_
            00001060    __STACK_END
00002000                __STACK_SIZE
00002000                __SYSMEM_SIZE
00001000                __SYSSTACK_SIZE
00000001                __TI_args_main
ffffffff                ___binit__
ffffffff                ___bss__
ffffffff                ___c_args__
            00020000    ___cinit__
ffffffff                ___data__
ffffffff                ___edata__
ffffffff                ___end__
ffffffff                ___etext__
00024435                ___isinf
ffffffff                ___pinit__
ffffffff                ___text__
0002302c                __addd
0002422f                __args_main
00022c70                __cleanup
            000037f2    __cleanup_ptr
00023418                __cmpd
            000037f6    __ctypes_
000224c4                __divd
000242c5                __divli
00022ff7                __divlli
000243e8                __divu
00023c04                __divul
00022f03                __divull
000239e2                __doflush
            000037f4    __dtors_ptr
000233e4                __eqld
000243be                __fixdi
00023f88                __fixdli
000240cf                __fltlid
00023e2d                __frcmpyd
00023ea3                __frcmpyd_div
            00003678    __ft_end
            00003560    __ftable
0002339a                __geqd
0002334f                __gtrd
00023302                __leqd
            000037ee    __lock
000232ba                __lssd
000235d3                __mpyd
00024463                __mpyli
00022e4b                __mpylli
00024488                __negd
00023286                __neqd
00024486                __nop
00021362                __printfi
00023985                __rd_ok
0002447e                __register_lock
00024476                __register_unlock
0002427a                __remli
00022e1c                __remlli
000243fd                __remu
00023f16                __remul
00022dce                __remull
            00000060    __stack
0002444f                __subd
            00001860    __sys_memory
            00001060    __sysstack
            000035d8    __tmpnams
            000037f0    __unlock
00023905                __wrt_ok
000244a2                _abort
000219f7                _add_device
00024136                _atoi
000241e2                _auto_init
0002438a                _c_int00
0002249e                _calloc
00022496                _chkheap
00021984                _close
000228f0                _decimate
00022890                _downsample
0002434c                _exit
00023db2                _fclose
00023a4b                _fflush
0002197b                _find_registered_device
0002371f                _fir_basic
0002379c                _fir_circular
00022d93                _fopen
00023b5e                _fputc
00023470                _fputs
0002200f                _free
00022440                _free_memory
00022cca                _freopen
00024064                _fseek
00021ae7                _getenv
            000037bb    _history
            000037d0    _i
            00002c60    _input_buffer
00022a2a                _interpolate
            000037d1    _j
            000037d2    _lp_filter
00021915                _lseek
00023d35                _ltoa
00023ca5                _main
00022140                _malloc
000223e6                _max_free
00024412                _memccpy
0002430d                _memcpy
000220db                _minit
00021856                _open
            00002860    _output_buffer
00024192                _printf
00023b5e                _putc
00023bf5                _putchar
000235a5                _puts
000217a8                _read
00023ff7                _readmsg
00022235                _realloc
00024498                _remove
00021772                _remove_device
00021719                _rename
00022acb                _resample
0002381f                _setvbuf
            00003060    _signal1
            00003460    _signal2
000216e6                _unlink
00022991                _upsample
000215a4                _write
00023aa4                _writemsg
ffffffff                binit
            00020000    cinit
ffffffff                edata
ffffffff                end
ffffffff                etext
ffffffff                pinit


GLOBAL SYMBOLS: SORTED BY Symbol Address 

abs. value/
byte addr   word addr   name
---------   ---------   ----
00000001                $TI_capability_requires_rev3
00000001                __TI_args_main
00000002                $TI_capability$C5500$CallingConvention
00000002                $TI_capability$C5500$MemoryModel
            00000060    __stack
00001000                __SYSSTACK_SIZE
00002000                __STACK_SIZE
00002000                __SYSMEM_SIZE
            00001060    __STACK_END
            00001060    __sysstack
            00001860    __sys_memory
            00002860    _output_buffer
            00002c60    _input_buffer
            00003060    _signal1
            00003460    _signal2
            00003560    __ftable
            000035d8    __tmpnams
            00003678    __ft_end
            000037bb    _history
            000037d0    _i
            000037d1    _j
            000037d2    _lp_filter
            000037ee    __lock
            000037f0    __unlock
            000037f2    __cleanup_ptr
            000037f4    __dtors_ptr
            000037f6    __ctypes_
00021362                __printfi
000215a4                _write
000216e6                _unlink
00021719                _rename
00021772                _remove_device
000217a8                _read
00021856                _open
00021915                _lseek
0002197b                _find_registered_device
00021984                _close
000219f7                _add_device
00021ae7                _getenv
00021b62                _HOSTwrite
00021bef                _HOSTunlink
00021c59                _HOSTtime
00021cb7                _HOSTrename
00021d65                _HOSTread
00021df2                _HOSTopen
00021e91                _HOSTlseek
00021f46                _HOSTclose
00021fb1                _HOSTclock
0002200f                _free
000220db                _minit
00022140                _malloc
00022235                _realloc
000223e6                _max_free
00022440                _free_memory
00022496                _chkheap
0002249e                _calloc
000224c4                __divd
00022890                _downsample
000228f0                _decimate
00022991                _upsample
00022a2a                _interpolate
00022acb                _resample
00022c70                __cleanup
00022cca                _freopen
00022d93                _fopen
00022dce                __remull
00022e1c                __remlli
00022e4b                __mpylli
00022f03                __divull
00022ff7                __divlli
0002302c                __addd
00023286                __neqd
000232ba                __lssd
00023302                __leqd
0002334f                __gtrd
0002339a                __geqd
000233e4                __eqld
00023418                __cmpd
00023470                _fputs
000235a5                _puts
000235d3                __mpyd
0002371f                _fir_basic
0002379c                _fir_circular
0002381f                _setvbuf
00023905                __wrt_ok
00023985                __rd_ok
000239e2                __doflush
00023a4b                _fflush
00023aa4                _writemsg
00023b59                C$$IO$$
00023b5e                _fputc
00023b5e                _putc
00023bf5                _putchar
00023c04                __divul
00023ca5                _main
00023d35                _ltoa
00023db2                _fclose
00023e2d                __frcmpyd
00023ea3                __frcmpyd_div
00023f16                __remul
00023f88                __fixdli
00023ff7                _readmsg
00024064                _fseek
000240cf                __fltlid
00024136                _atoi
00024192                _printf
000241e2                _auto_init
0002422f                __args_main
0002427a                __remli
000242c5                __divli
0002430d                _memcpy
0002434c                _exit
0002438a                _c_int00
000243be                __fixdi
000243e8                I$$UDIV
000243e8                __divu
000243fd                I$$UMOD
000243fd                __remu
00024412                _memccpy
00024435                ___isinf
0002444f                __subd
00024463                I$$LMPY
00024463                __mpyli
00024476                __register_unlock
0002447e                __register_lock
00024486                __nop
00024488                __negd
00024498                _remove
000244a2                _abort
000244a3                C$$EXIT
            00020000    ___cinit__
            00020000    cinit
            0002059c    __CIOBUF_
0004fe00                _Reset
ffffffff                .bss
ffffffff                .data
ffffffff                .text
ffffffff                ___binit__
ffffffff                ___bss__
ffffffff                ___c_args__
ffffffff                ___data__
ffffffff                ___edata__
ffffffff                ___end__
ffffffff                ___etext__
ffffffff                ___pinit__
ffffffff                ___text__
ffffffff                binit
ffffffff                edata
ffffffff                end
ffffffff                etext
ffffffff                pinit

[151 symbols]
